Archive member included to satisfy reference by file (symbol)

/home/dmitrii/ti/pdk_am57xx_1_0_16/packages/ti/board/lib/evmAM572x/a15/release/ti.board.aa15fg(evmAM572x.oa15fg)
                              ./main.o (Board_init)
/home/dmitrii/ti/pdk_am57xx_1_0_16/packages/ti/board/lib/evmAM572x/a15/release/ti.board.aa15fg(evmAM572x_lld_init.oa15fg)
                              /home/dmitrii/ti/pdk_am57xx_1_0_16/packages/ti/board/lib/evmAM572x/a15/release/ti.board.aa15fg(evmAM572x.oa15fg) (Board_uartStdioInit)
/home/dmitrii/ti/pdk_am57xx_1_0_16/packages/ti/board/lib/evmAM572x/a15/release/ti.board.aa15fg(evmam572x_pinmux.oa15fg)
                              /home/dmitrii/ti/pdk_am57xx_1_0_16/packages/ti/board/lib/evmAM572x/a15/release/ti.board.aa15fg(evmAM572x.oa15fg) (Board_pinmuxConfig)
/home/dmitrii/ti/pdk_am57xx_1_0_16/packages/ti/board/lib/evmAM572x/a15/release/ti.board.aa15fg(evmAM572x_clock.oa15fg)
                              /home/dmitrii/ti/pdk_am57xx_1_0_16/packages/ti/board/lib/evmAM572x/a15/release/ti.board.aa15fg(evmAM572x.oa15fg) (Board_moduleClockInit)
/home/dmitrii/ti/pdk_am57xx_1_0_16/packages/ti/board/lib/evmAM572x/a15/release/ti.board.aa15fg(evmAM572x_ddr.oa15fg)
                              /home/dmitrii/ti/pdk_am57xx_1_0_16/packages/ti/board/lib/evmAM572x/a15/release/ti.board.aa15fg(evmAM572x.oa15fg) (Board_DDR3Init)
/home/dmitrii/ti/pdk_am57xx_1_0_16/packages/ti/board/lib/evmAM572x/a15/release/ti.board.aa15fg(evmAM572x_pll.oa15fg)
                              /home/dmitrii/ti/pdk_am57xx_1_0_16/packages/ti/board/lib/evmAM572x/a15/release/ti.board.aa15fg(evmAM572x.oa15fg) (Board_PLLInit)
/home/dmitrii/ti/pdk_am57xx_1_0_16/packages/ti/board/lib/evmAM572x/a15/release/ti.board.aa15fg(boardPadDelayDevice.oa15fg)
                              /home/dmitrii/ti/pdk_am57xx_1_0_16/packages/ti/board/lib/evmAM572x/a15/release/ti.board.aa15fg(evmam572x_pinmux.oa15fg) (BoardGetMmcCtrlPadPinmuxTable)
/home/dmitrii/ti/pdk_am57xx_1_0_16/packages/ti/board/lib/evmAM572x/a15/release/ti.board.aa15fg(boardPadDelayInit.oa15fg)
                              /home/dmitrii/ti/pdk_am57xx_1_0_16/packages/ti/board/lib/evmAM572x/a15/release/ti.board.aa15fg(evmam572x_pinmux.oa15fg) (boardPadGetSize)
/home/dmitrii/ti/pdk_am57xx_1_0_16/packages/ti/board/lib/evmAM572x/a15/release/ti.board.aa15fg(iodelay_config.oa15fg)
                              /home/dmitrii/ti/pdk_am57xx_1_0_16/packages/ti/board/lib/evmAM572x/a15/release/ti.board.aa15fg(evmam572x_pinmux.oa15fg) (BoardCtrlPadIoDelayConfig)
/home/dmitrii/ti/pdk_am57xx_1_0_16/packages/ti/board/lib/evmAM572x/a15/release/ti.board.aa15fg(I2C_soc.oa15fg)
                              /home/dmitrii/ti/pdk_am57xx_1_0_16/packages/ti/board/lib/evmAM572x/a15/release/ti.board.aa15fg(evmAM572x_lld_init.oa15fg) (I2C_config)
/home/dmitrii/ti/pdk_am57xx_1_0_16/packages/ti/drv/i2c/lib/am572x/a15/release/ti.drv.i2c.aa15fg(I2C_drv.oa15fg)
                              /home/dmitrii/ti/pdk_am57xx_1_0_16/packages/ti/board/lib/evmAM572x/a15/release/ti.board.aa15fg(evmAM572x_lld_init.oa15fg) (I2C_init)
/home/dmitrii/ti/pdk_am57xx_1_0_16/packages/ti/drv/i2c/lib/am572x/a15/release/ti.drv.i2c.aa15fg(I2C_v1.oa15fg)
                              /home/dmitrii/ti/pdk_am57xx_1_0_16/packages/ti/board/lib/evmAM572x/a15/release/ti.board.aa15fg(I2C_soc.oa15fg) (I2C_v1_FxnTable)
/home/dmitrii/ti/pdk_am57xx_1_0_16/packages/ti/drv/i2c/lib/am572x/a15/release/ti.drv.i2c.aa15fg(I2C_v2.oa15fg)
                              /home/dmitrii/ti/pdk_am57xx_1_0_16/packages/ti/board/lib/evmAM572x/a15/release/ti.board.aa15fg(I2C_soc.oa15fg) (I2C_v2_FxnTable)
/home/dmitrii/ti/pdk_am57xx_1_0_16/packages/ti/drv/uart/lib/a15/release/ti.drv.uart.aa15fg(UART_stdio.oa15fg)
                              /home/dmitrii/ti/pdk_am57xx_1_0_16/packages/ti/board/lib/evmAM572x/a15/release/ti.board.aa15fg(evmAM572x_lld_init.oa15fg) (UART_stdioInit)
/home/dmitrii/ti/pdk_am57xx_1_0_16/packages/ti/drv/uart/lib/a15/release/ti.drv.uart.aa15fg(UART_ascii_utils.oa15fg)
                              /home/dmitrii/ti/pdk_am57xx_1_0_16/packages/ti/drv/uart/lib/a15/release/ti.drv.uart.aa15fg(UART_stdio.oa15fg) (UART_ASCIIUtils_charToDigit)
/home/dmitrii/ti/pdk_am57xx_1_0_16/packages/ti/drv/uart/lib/a15/release/ti.drv.uart.aa15fg(UART_drv.oa15fg)
                              /home/dmitrii/ti/pdk_am57xx_1_0_16/packages/ti/drv/uart/lib/a15/release/ti.drv.uart.aa15fg(UART_stdio.oa15fg) (UART_close)
/home/dmitrii/ti/pdk_am57xx_1_0_16/packages/ti/osal/lib/tirtos/a15/release/ti.osal.aa15fg(SemaphoreP_tirtos.oa15fg)
                              /home/dmitrii/ti/pdk_am57xx_1_0_16/packages/ti/drv/i2c/lib/am572x/a15/release/ti.drv.i2c.aa15fg(I2C_v1.oa15fg) (SemaphoreP_create)
/home/dmitrii/ti/pdk_am57xx_1_0_16/packages/ti/osal/lib/tirtos/a15/release/ti.osal.aa15fg(HwiP_tirtos.oa15fg)
                              /home/dmitrii/ti/pdk_am57xx_1_0_16/packages/ti/drv/i2c/lib/am572x/a15/release/ti.drv.i2c.aa15fg(I2C_v1.oa15fg) (HwiP_disable)
[...]
Memory Configuration

Name             Origin             Length             Attributes
SRAM             0x00000000402f0000 0x0000000000010000 xrw
OCMC_RAM1        0x0000000040300000 0x0000000000080000
OCMC_RAM2        0x0000000040400000 0x0000000000100000
OCMC_RAM3        0x0000000040500000 0x0000000000100000
EXT_RAM          0x0000000080000000 0x0000000080000000
*default*        0x0000000000000000 0xffffffffffffffff

Linker script and memory map

                0x0000000000000001                CORE0 = 0x1
                0x0000000000010000                STACKSIZE = 0x10000
                0x0000000000000400                HEAPSIZE = 0x400
LOAD ./main.o
                0x0000000000020000                __TI_STACK_SIZE = 0x20000
                0x0000000000020000                __STACK_SIZE = __TI_STACK_SIZE
                0x0000000000000000                __HEAP_SIZE = 0x0
LOAD /home/dmitrii/ti/ccs910/workspace_v9/TestGPIOIsr/Debug/configPkg/package/cfg/app_pa15fg.oa15fg
LOAD /home/dmitrii/ti/pdk_am57xx_1_0_16/packages/ti/board/lib/evmAM572x/a15/release/ti.board.aa15fg
LOAD /home/dmitrii/ti/pdk_am57xx_1_0_16/packages/ti/drv/spi/lib/a15/release/ti.drv.spi.aa15fg
LOAD /home/dmitrii/ti/pdk_am57xx_1_0_16/packages/ti/drv/i2c/lib/am572x/a15/release/ti.drv.i2c.aa15fg
LOAD /home/dmitrii/ti/pdk_am57xx_1_0_16/packages/ti/drv/uart/lib/a15/release/ti.drv.uart.aa15fg
LOAD /home/dmitrii/ti/pdk_am57xx_1_0_16/packages/ti/drv/gpio/lib/a15/release/ti.drv.gpio.profiling.aa15fg
LOAD /home/dmitrii/ti/pdk_am57xx_1_0_16/packages/ti/osal/lib/tirtos/a15/release/ti.osal.aa15fg
LOAD /home/dmitrii/ti/ccs910/workspace_v9/TestGPIOIsr/src/sysbios/sysbios.aa15fg
LOAD /home/dmitrii/ti/pdk_am57xx_1_0_16/packages/ti/utils/profiling/lib/a15/release/ti.utils.profiling.aa15fg
LOAD /home/dmitrii/ti/pdk_am57xx_1_0_16/packages/ti/csl/lib/am572x/a15/release/ti.csl.aa15fg
LOAD /home/dmitrii/ti/bios_6_76_02_02/packages/gnu/targets/arm/rtsv7A/lib/gnu.targets.arm.rtsv7A.aa15fg
LOAD /home/dmitrii/ti/bios_6_76_02_02/packages/gnu/targets/arm/rtsv7A/lib/boot.aa15fg
LOAD /home/dmitrii/ti/bios_6_76_02_02/packages/gnu/targets/arm/rtsv7A/lib/syscalls.aa15fg
                0x0000000000000001                xdc_runtime_Startup__EXECFXN__C = 0x1
                0x0000000000000001                xdc_runtime_Startup__RESETFXN__C = 0x1
                0x0000000000000001                xdc_rov_runtime_Mon__checksum = 0x1
                0x0000000000000001                xdc_rov_runtime_Mon__write = 0x1
                0x0000000048211000                ti_sysbios_family_arm_gic_Hwi_gicd = 0x48211000
                0x0000000048212000                ti_sysbios_family_arm_gic_Hwi_gicc = 0x48212000

BOARD_IO_DELAY_DATA
                0x0000000040300000     0x3220
 *(BOARD_IO_DELAY_DATA)
 BOARD_IO_DELAY_DATA
                0x0000000040300000      0x200 /home/dmitrii/ti/pdk_am57xx_1_0_16/packages/ti/board/lib/evmAM572x/a15/release/ti.board.aa15fg(evmam572x_pinmux.oa15fg)
                0x0000000040300000                ioStack
 BOARD_IO_DELAY_DATA
                0x0000000040300200     0x1500 /home/dmitrii/ti/pdk_am57xx_1_0_16/packages/ti/board/lib/evmAM572x/a15/release/ti.board.aa15fg(boardPadDelayDevice.oa15fg)
                0x0000000040300200                gMmc3Sdr50Pinmux
                0x0000000040300318                gMmc3Sdr25Pinmux
                0x0000000040300430                gMmc3HsPinmux
                0x0000000040300548                gMmc3Sdr12Pinmux
                0x0000000040300660                gMmc3DsPinmux
                0x0000000040300778                gMmc2HsIlbPinmux
                0x0000000040300890                gMmc2StdIlbPinmux
                0x00000000403009a8                gMmc2Hs200Pinmux
                0x0000000040300ac0                gMmc2DdrIlbPinmux
                0x0000000040300bd8                gMmc2DdrPlbPinmux
                0x0000000040300cf0                gMmc2StdPlbPinmux
                0x0000000040300e08                gMmc2HsPlbPinmux
                0x0000000040300f20                gMmc1Ddr50IlbPinmux
                0x0000000040300fc8                gMmc1Sdr50IlbPinmux
                0x0000000040301070                gMmc1DsIlbPinmux
                0x0000000040301118                gMmc1Sdr50PlbPinmux
                0x00000000403011c0                gMmc1Sdr25IlbPinmux
                0x0000000040301268                gMmc1Sdr12IlbPinmux
                0x0000000040301310                gMmc1HsPlbPinmux
                0x00000000403013b8                gMmc1HsIlbPinmux
                0x0000000040301460                gMmc1Sdr104Pinmux
                0x0000000040301508                gMmc1Ddr50PlbPinmux
                0x00000000403015b0                gMmc1Sdr12PlbPinmux
                0x0000000040301658                gMmc1DsPlbPinmux
 BOARD_IO_DELAY_DATA
                0x0000000040301700     0x1b20 /home/dmitrii/ti/pdk_am57xx_1_0_16/packages/ti/board/lib/evmAM572x/a15/release/ti.board.aa15fg(boardPadDelayInit.oa15fg)
                0x0000000040301700                pad

BOARD_IO_DELAY_CODE
                0x0000000040303220      0x360
 *(BOARD_IO_DELAY_CODE)
 BOARD_IO_DELAY_CODE
                0x0000000040303220        0x8 /home/dmitrii/ti/pdk_am57xx_1_0_16/packages/ti/board/lib/evmAM572x/a15/release/ti.board.aa15fg(boardPadDelayInit.oa15fg)
                0x0000000040303220                boardPadGetSize
 BOARD_IO_DELAY_CODE
                0x0000000040303228      0x34c /home/dmitrii/ti/pdk_am57xx_1_0_16/packages/ti/board/lib/evmAM572x/a15/release/ti.board.aa15fg(iodelay_config.oa15fg)
                0x00000000403032c0                BoardCtrlPadMux
                0x00000000403033f8                BoardCtrlPadIoDelayConfig
 *fill*         0x0000000040303574        0x4 
 BOARD_IO_DELAY_CODE.__stub
                0x0000000040303578        0x8 linker stubs

.vecs           0x0000000080000000       0x40
 *(.vecs)
 .vecs          0x0000000080000000       0x40 /home/dmitrii/ti/ccs910/workspace_v9/TestGPIOIsr/Debug/configPkg/package/cfg/app_pa15fg.oa15fg
                0x0000000080000000                ti_sysbios_family_arm_gic_Hwi_vectors

ti.sysbios.family.arm.a15.mmuFirstLevelTableSection
                0x0000000080000040       0x20
 *(ti.sysbios.family.arm.a15.mmuFirstLevelTableSection)
 ti.sysbios.family.arm.a15.mmuFirstLevelTableSection
                0x0000000080000040       0x20 /home/dmitrii/ti/ccs910/workspace_v9/TestGPIOIsr/Debug/configPkg/package/cfg/app_pa15fg.oa15fg
                0x0000000080000040                ti_sysbios_family_arm_a15_Mmu_Module_State_0_firstLevelTableBuf__A

ti.sysbios.family.arm.a15.mmuSecondLevelTableSection0
                0x0000000080001000     0x1000
 *(ti.sysbios.family.arm.a15.mmuSecondLevelTableSection0)
 ti.sysbios.family.arm.a15.mmuSecondLevelTableSection0
                0x0000000080001000     0x1000 /home/dmitrii/ti/ccs910/workspace_v9/TestGPIOIsr/Debug/configPkg/package/cfg/app_pa15fg.oa15fg
                0x0000000080001000                ti_sysbios_family_arm_a15_Mmu_Module_State_0_secondLevelTableBuf_0__A

ti.sysbios.family.arm.a15.mmuSecondLevelTableSection1
                0x0000000080002000     0x1000
 *(ti.sysbios.family.arm.a15.mmuSecondLevelTableSection1)
 ti.sysbios.family.arm.a15.mmuSecondLevelTableSection1
                0x0000000080002000     0x1000 /home/dmitrii/ti/ccs910/workspace_v9/TestGPIOIsr/Debug/configPkg/package/cfg/app_pa15fg.oa15fg
                0x0000000080002000                ti_sysbios_family_arm_a15_Mmu_Module_State_0_secondLevelTableBuf_1__A

ti.sysbios.family.arm.a15.mmuSecondLevelTableSection2
                0x0000000080003000     0x1000
 *(ti.sysbios.family.arm.a15.mmuSecondLevelTableSection2)
 ti.sysbios.family.arm.a15.mmuSecondLevelTableSection2
                0x0000000080003000     0x1000 /home/dmitrii/ti/ccs910/workspace_v9/TestGPIOIsr/Debug/configPkg/package/cfg/app_pa15fg.oa15fg
                0x0000000080003000                ti_sysbios_family_arm_a15_Mmu_Module_State_0_secondLevelTableBuf_2__A

ti.sysbios.family.arm.a15.mmuSecondLevelTableSection3
                0x0000000080004000     0x1000
 *(ti.sysbios.family.arm.a15.mmuSecondLevelTableSection3)
 ti.sysbios.family.arm.a15.mmuSecondLevelTableSection3
                0x0000000080004000     0x1000 /home/dmitrii/ti/ccs910/workspace_v9/TestGPIOIsr/Debug/configPkg/package/cfg/app_pa15fg.oa15fg
                0x0000000080004000                ti_sysbios_family_arm_a15_Mmu_Module_State_0_secondLevelTableBuf_3__A

xdc.meta        0x0000000080005000       0xee
 *(xdc.meta)
 xdc.meta       0x0000000080005000       0xee /home/dmitrii/ti/ccs910/workspace_v9/TestGPIOIsr/Debug/configPkg/package/cfg/app_pa15fg.oa15fg
                0x0000000080005000                __TRDR__
                0x0000000080005028                __TARG__
                0x000000008000504c                __PLAT__
                0x0000000080005074                __ISA__
                0x0000000080005088                __ASM__

.c_int00        0x00000000800050f0      0x13c
 *(.c_int00)
 .c_int00       0x00000000800050f0      0x13c /home/dmitrii/ti/bios_6_76_02_02/packages/gnu/targets/arm/rtsv7A/lib/boot.aa15fg(boot.oa15fg)
                0x00000000800050f0                _c_int00

.text           0x0000000080005230    0x19df0
 CREATE_OBJECT_SYMBOLS
 *(.resetVecs)
 *(.text)
 .text          0x0000000080005230      0x1c4 ./main.o
                0x0000000080005230                AppGpioCallbackFxn
                0x000000008000529c                main
 .text          0x00000000800053f4        0x0 /home/dmitrii/ti/ccs910/workspace_v9/TestGPIOIsr/Debug/configPkg/package/cfg/app_pa15fg.oa15fg
 .text          0x00000000800053f4        0x0 /home/dmitrii/ti/pdk_am57xx_1_0_16/packages/ti/board/lib/evmAM572x/a15/release/ti.board.aa15fg(evmAM572x.oa15fg)
 .text          0x00000000800053f4        0x0 /home/dmitrii/ti/pdk_am57xx_1_0_16/packages/ti/board/lib/evmAM572x/a15/release/ti.board.aa15fg(evmAM572x_lld_init.oa15fg)
 .text          0x00000000800053f4        0x0 /home/dmitrii/ti/pdk_am57xx_1_0_16/packages/ti/board/lib/evmAM572x/a15/release/ti.board.aa15fg(evmam572x_pinmux.oa15fg)
 .text          0x00000000800053f4        0x0 /home/dmitrii/ti/pdk_am57xx_1_0_16/packages/ti/board/lib/evmAM572x/a15/release/ti.board.aa15fg(evmAM572x_clock.oa15fg)
 .text          0x00000000800053f4        0x0 /home/dmitrii/ti/pdk_am57xx_1_0_16/packages/ti/board/lib/evmAM572x/a15/release/ti.board.aa15fg(evmAM572x_ddr.oa15fg)
 .text          0x00000000800053f4        0x0 /home/dmitrii/ti/pdk_am57xx_1_0_16/packages/ti/board/lib/evmAM572x/a15/release/ti.board.aa15fg(evmAM572x_pll.oa15fg)
 .text          0x00000000800053f4        0x0 /home/dmitrii/ti/pdk_am57xx_1_0_16/packages/ti/board/lib/evmAM572x/a15/release/ti.board.aa15fg(boardPadDelayDevice.oa15fg)
 .text          0x00000000800053f4        0x0 /home/dmitrii/ti/pdk_am57xx_1_0_16/packages/ti/board/lib/evmAM572x/a15/release/ti.board.aa15fg(boardPadDelayInit.oa15fg)
 .text          0x00000000800053f4        0x0 /home/dmitrii/ti/pdk_am57xx_1_0_16/packages/ti/board/lib/evmAM572x/a15/release/ti.board.aa15fg(iodelay_config.oa15fg)
 .text          0x00000000800053f4        0x0 /home/dmitrii/ti/pdk_am57xx_1_0_16/packages/ti/board/lib/evmAM572x/a15/release/ti.board.aa15fg(I2C_soc.oa15fg)
 .text          0x00000000800053f4        0x0 /home/dmitrii/ti/pdk_am57xx_1_0_16/packages/ti/drv/i2c/lib/am572x/a15/release/ti.drv.i2c.aa15fg(I2C_drv.oa15fg)
 .text          0x00000000800053f4        0x0 /home/dmitrii/ti/pdk_am57xx_1_0_16/packages/ti/drv/i2c/lib/am572x/a15/release/ti.drv.i2c.aa15fg(I2C_v1.oa15fg)
 .text          0x00000000800053f4        0x0 /home/dmitrii/ti/pdk_am57xx_1_0_16/packages/ti/drv/i2c/lib/am572x/a15/release/ti.drv.i2c.aa15fg(I2C_v2.oa15fg)
 .text          0x00000000800053f4        0x0 /home/dmitrii/ti/pdk_am57xx_1_0_16/packages/ti/drv/uart/lib/a15/release/ti.drv.uart.aa15fg(UART_stdio.oa15fg)
 .text          0x00000000800053f4        0x0 /home/dmitrii/ti/pdk_am57xx_1_0_16/packages/ti/drv/uart/lib/a15/release/ti.drv.uart.aa15fg(UART_ascii_utils.oa15fg)
 .text          0x00000000800053f4        0x0 /home/dmitrii/ti/pdk_am57xx_1_0_16/packages/ti/drv/uart/lib/a15/release/ti.drv.uart.aa15fg(UART_drv.oa15fg)
 .text          0x00000000800053f4        0x0 /home/dmitrii/ti/pdk_am57xx_1_0_16/packages/ti/osal/lib/tirtos/a15/release/ti.osal.aa15fg(SemaphoreP_tirtos.oa15fg)
 .text          0x00000000800053f4        0x0 /home/dmitrii/ti/pdk_am57xx_1_0_16/packages/ti/osal/lib/tirtos/a15/release/ti.osal.aa15fg(HwiP_tirtos.oa15fg)
 .text          0x00000000800053f4        0x0 /home/dmitrii/ti/pdk_am57xx_1_0_16/packages/ti/osal/lib/tirtos/a15/release/ti.osal.aa15fg(Utils_tirtos.oa15fg)
 .text          0x00000000800053f4        0x0 /home/dmitrii/ti/pdk_am57xx_1_0_16/packages/ti/osal/lib/tirtos/a15/release/ti.osal.aa15fg(RegisterIntr_tirtos.oa15fg)
 .text          0x00000000800053f4        0x0 /home/dmitrii/ti/pdk_am57xx_1_0_16/packages/ti/osal/lib/tirtos/a15/release/ti.osal.aa15fg(Core_utils.oa15fg)
 *fill*         0x00000000800053f4        0xc 
 .text          0x0000000080005400        0x0 /home/dmitrii/ti/ccs910/workspace_v9/TestGPIOIsr/src/sysbios/sysbios.aa15fg(arm_TaskSupport_asm_gnu.o)
 .text          0x0000000080005400        0x0 /home/dmitrii/ti/ccs910/workspace_v9/TestGPIOIsr/src/sysbios/sysbios.aa15fg(gic_Hwi_asm_gnu.o)
 .text          0x0000000080005400        0x0 /home/dmitrii/ti/ccs910/workspace_v9/TestGPIOIsr/src/sysbios/sysbios.aa15fg(exc_Exception_asm_gnu.o)
 .text          0x0000000080005400        0x0 /home/dmitrii/ti/ccs910/workspace_v9/TestGPIOIsr/src/sysbios/sysbios.aa15fg(a15_Cache_asm_gnu.o)
 .text          0x0000000080005400        0x0 /home/dmitrii/ti/ccs910/workspace_v9/TestGPIOIsr/src/sysbios/sysbios.aa15fg(a15_TimestampProvider_asm_gnu.o)
 .text          0x0000000080005400        0x0 /home/dmitrii/ti/ccs910/workspace_v9/TestGPIOIsr/src/sysbios/sysbios.aa15fg(_BIOS.o)
 .text          0x0000000080005400        0x0 /home/dmitrii/ti/ccs910/workspace_v9/TestGPIOIsr/src/sysbios/sysbios.aa15fg(arm_IntrinsicsSupport.o)
 .text          0x0000000080005400        0x0 /home/dmitrii/ti/ccs910/workspace_v9/TestGPIOIsr/src/sysbios/sysbios.aa15fg(arm_TaskSupport.o)
 .text          0x0000000080005400        0x0 /home/dmitrii/ti/ccs910/workspace_v9/TestGPIOIsr/src/sysbios/sysbios.aa15fg(knl_Clock.o)
 .text          0x0000000080005400        0x0 /home/dmitrii/ti/ccs910/workspace_v9/TestGPIOIsr/src/sysbios/sysbios.aa15fg(knl_Idle.o)
 .text          0x0000000080005400        0x0 /home/dmitrii/ti/ccs910/workspace_v9/TestGPIOIsr/src/sysbios/sysbios.aa15fg(knl_Queue.o)
 .text          0x0000000080005400        0x0 /home/dmitrii/ti/ccs910/workspace_v9/TestGPIOIsr/src/sysbios/sysbios.aa15fg(knl_Semaphore.o)
 .text          0x0000000080005400        0x0 /home/dmitrii/ti/ccs910/workspace_v9/TestGPIOIsr/src/sysbios/sysbios.aa15fg(knl_Swi.o)
 .text          0x0000000080005400        0x0 /home/dmitrii/ti/ccs910/workspace_v9/TestGPIOIsr/src/sysbios/sysbios.aa15fg(knl_Task.o)
 .text          0x0000000080005400        0x0 /home/dmitrii/ti/ccs910/workspace_v9/TestGPIOIsr/src/sysbios/sysbios.aa15fg(hal_Core.o)
 .text          0x0000000080005400        0x0 /home/dmitrii/ti/ccs910/workspace_v9/TestGPIOIsr/src/sysbios/sysbios.aa15fg(hal_Hwi.o)
 .text          0x0000000080005400        0x0 /home/dmitrii/ti/ccs910/workspace_v9/TestGPIOIsr/src/sysbios/sysbios.aa15fg(hal_Hwi_stack.o)
 .text          0x0000000080005400        0x0 /home/dmitrii/ti/ccs910/workspace_v9/TestGPIOIsr/src/sysbios/sysbios.aa15fg(hal_Hwi_startup.o)
 .text          0x0000000080005400        0x0 /home/dmitrii/ti/ccs910/workspace_v9/TestGPIOIsr/src/sysbios/sysbios.aa15fg(gic_Hwi.o)
 .text          0x0000000080005400        0x0 /home/dmitrii/ti/ccs910/workspace_v9/TestGPIOIsr/src/sysbios/sysbios.aa15fg(exc_Exception.o)
 .text          0x0000000080005400        0x0 /home/dmitrii/ti/ccs910/workspace_v9/TestGPIOIsr/src/sysbios/sysbios.aa15fg(vayu_IntXbar.o)
 .text          0x0000000080005400        0x0 /home/dmitrii/ti/ccs910/workspace_v9/TestGPIOIsr/src/sysbios/sysbios.aa15fg(gnu_ReentSupport.o)
 .text          0x0000000080005400        0x0 /home/dmitrii/ti/ccs910/workspace_v9/TestGPIOIsr/src/sysbios/sysbios.aa15fg(gnu_SemiHostSupport.o)
 .text          0x0000000080005400        0x0 /home/dmitrii/ti/ccs910/workspace_v9/TestGPIOIsr/src/sysbios/sysbios.aa15fg(a15_Core.o)
 .text          0x0000000080005400        0x0 /home/dmitrii/ti/ccs910/workspace_v9/TestGPIOIsr/src/sysbios/sysbios.aa15fg(a15_Cache.o)
 .text          0x0000000080005400        0x0 /home/dmitrii/ti/ccs910/workspace_v9/TestGPIOIsr/src/sysbios/sysbios.aa15fg(a15_Mmu.o)
 .text          0x0000000080005400        0x0 /home/dmitrii/ti/ccs910/workspace_v9/TestGPIOIsr/src/sysbios/sysbios.aa15fg(a15_TimestampProvider.o)
 .text          0x0000000080005400        0x0 /home/dmitrii/ti/ccs910/workspace_v9/TestGPIOIsr/src/sysbios/sysbios.aa15fg(gates_GateHwi.o)
 .text          0x0000000080005400        0x0 /home/dmitrii/ti/ccs910/workspace_v9/TestGPIOIsr/src/sysbios/sysbios.aa15fg(gates_GateMutex.o)
 .text          0x0000000080005400        0x0 /home/dmitrii/ti/ccs910/workspace_v9/TestGPIOIsr/src/sysbios/sysbios.aa15fg(heaps_HeapMem.o)
 .text          0x0000000080005400        0x0 /home/dmitrii/ti/ccs910/workspace_v9/TestGPIOIsr/src/sysbios/sysbios.aa15fg(systimer_Timer.o)
 .text          0x0000000080005400        0x0 /home/dmitrii/ti/ccs910/workspace_v9/TestGPIOIsr/src/sysbios/sysbios.aa15fg(arm_IntrinsicsSupport_asm_gnu.o)
 .text          0x0000000080005400        0x0 /home/dmitrii/ti/ccs910/workspace_v9/TestGPIOIsr/src/sysbios/sysbios.aa15fg(a15_Mmu_asm_gnu.o)
 .text          0x0000000080005400        0x0 /home/dmitrii/ti/ccs910/workspace_v9/TestGPIOIsr/src/sysbios/sysbios.aa15fg(systimer_Timer_asm_gnu.o)
 .text          0x0000000080005400      0x50c /home/dmitrii/ti/pdk_am57xx_1_0_16/packages/ti/csl/lib/am572x/a15/release/ti.csl.aa15fg(csl_a15Asm.oa15fg)
                0x0000000080005400                CSL_a15DisableFiq
                0x0000000080005410                CSL_a15EnableFiq
                0x0000000080005420                CSL_a15DisableIrq
                0x0000000080005430                CSL_a15EnableIrq
                0x0000000080005440                CSL_a15SetVectorTable
                0x0000000080005448                CSL_a15DisableMmu
                0x000000008000545c                CSL_a15EnableMmu
                0x0000000080005470                CSL_a15IsMmuEnabled
                0x0000000080005484                CSL_a15EnableMmuLongDescTranslationTable
                0x0000000080005498                CSL_a15EnableMmuShortDescTranslationTable
                0x00000000800054a8                CSL_a15SetMmuLongDescTranslationTable
                0x00000000800054b4                CSL_a15SetMmuShortDescTranslationTable
                0x00000000800054bc                CSL_a15InvalidateAllMmuTranslationTable
                0x00000000800054d0                CSL_a15SetMmuMair
                0x000000008000551c                CSL_a15DisableDataCache
                0x0000000080005534                CSL_a15DisableInstrCache
                0x0000000080005544                CSL_a15EnableDataCache
                0x0000000080005558                CSL_a15EnableInstrCache
                0x0000000080005568                CSL_a15InvDataCache
                0x0000000080005588                CSL_a15InvInstrCache
                0x00000000800055a8                CSL_a15InvAllDataCache
                0x000000008000563c                CSL_a15InvAllInstrCache
                0x0000000080005648                CSL_a15WbDataCache
                0x0000000080005668                CSL_a15WbInvDataCache
                0x0000000080005688                CSL_a15WbAllDataCache
                0x000000008000571c                CSL_a15WbInvAllDataCache
                0x00000000800057b0                CSL_a15CachePreload
                0x00000000800057d8                CSL_a15CycleCntEnable
                0x00000000800057f0                CSL_a15CycleCntRead
                0x00000000800057f8                CSL_a15ECCEnable
                0x0000000080005814                CSL_a15ECCDisable
                0x0000000080005830                CSL_a15ECCGetErrStatus
                0x0000000080005838                CSL_a15DisableBranchPrediction
                0x000000008000584c                CSL_a15EnableBranchPrediction
                0x000000008000585c                CSL_a15ReadCoreId
                0x0000000080005868                CSL_a15FPUEnable
                0x0000000080005888                CSL_a15GetCacheType
                0x00000000800058ac                CSL_a15SwitchToPrivMode
                0x00000000800058b4                CSL_a15SwitchToUserMode
                0x00000000800058c8                CSL_a15IntrStatus
                0x00000000800058d4                CSL_a15VectorBaseAddrSet
                0x00000000800058dc                CSL_armGicGlobalDisableInterrupt
                0x00000000800058ec                CSL_armGicGlobalRestoreInterrupt
 .text          0x000000008000590c        0x0 /home/dmitrii/ti/pdk_am57xx_1_0_16/packages/ti/csl/lib/am572x/a15/release/ti.csl.aa15fg(csl_device_xbar.oa15fg)
 .text          0x000000008000590c        0x0 /home/dmitrii/ti/pdk_am57xx_1_0_16/packages/ti/csl/lib/am572x/a15/release/ti.csl.aa15fg(csl_device_common.oa15fg)
 .text          0x000000008000590c        0x0 /home/dmitrii/ti/pdk_am57xx_1_0_16/packages/ti/csl/lib/am572x/a15/release/ti.csl.aa15fg(gpio_v2.oa15fg)
 .text          0x000000008000590c        0x0 /home/dmitrii/ti/pdk_am57xx_1_0_16/packages/ti/csl/lib/am572x/a15/release/ti.csl.aa15fg(i2c.oa15fg)
 .text          0x000000008000590c        0x0 /home/dmitrii/ti/bios_6_76_02_02/packages/gnu/targets/arm/rtsv7A/lib/gnu.targets.arm.rtsv7A.aa15fg(Assert.oa15fg)
 .text          0x000000008000590c        0x0 /home/dmitrii/ti/bios_6_76_02_02/packages/gnu/targets/arm/rtsv7A/lib/gnu.targets.arm.rtsv7A.aa15fg(Core-mem.oa15fg)
 .text          0x000000008000590c        0x0 /home/dmitrii/ti/bios_6_76_02_02/packages/gnu/targets/arm/rtsv7A/lib/gnu.targets.arm.rtsv7A.aa15fg(Core-smem.oa15fg)
 .text          0x000000008000590c        0x0 /home/dmitrii/ti/bios_6_76_02_02/packages/gnu/targets/arm/rtsv7A/lib/gnu.targets.arm.rtsv7A.aa15fg(Core-label.oa15fg)
 .text          0x000000008000590c        0x0 /home/dmitrii/ti/bios_6_76_02_02/packages/gnu/targets/arm/rtsv7A/lib/gnu.targets.arm.rtsv7A.aa15fg(Core-params.oa15fg)
 .text          0x000000008000590c        0x0 /home/dmitrii/ti/bios_6_76_02_02/packages/gnu/targets/arm/rtsv7A/lib/gnu.targets.arm.rtsv7A.aa15fg(Error.oa15fg)
 .text          0x000000008000590c        0x0 /home/dmitrii/ti/bios_6_76_02_02/packages/gnu/targets/arm/rtsv7A/lib/gnu.targets.arm.rtsv7A.aa15fg(Gate.oa15fg)
 .text          0x000000008000590c        0x0 /home/dmitrii/ti/bios_6_76_02_02/packages/gnu/targets/arm/rtsv7A/lib/gnu.targets.arm.rtsv7A.aa15fg(LoggerBuf.oa15fg)
 .text          0x000000008000590c        0x0 /home/dmitrii/ti/bios_6_76_02_02/packages/gnu/targets/arm/rtsv7A/lib/gnu.targets.arm.rtsv7A.aa15fg(Memory.oa15fg)
 .text          0x000000008000590c        0x0 /home/dmitrii/ti/bios_6_76_02_02/packages/gnu/targets/arm/rtsv7A/lib/gnu.targets.arm.rtsv7A.aa15fg(Startup.oa15fg)
 .text          0x000000008000590c        0x0 /home/dmitrii/ti/bios_6_76_02_02/packages/gnu/targets/arm/rtsv7A/lib/gnu.targets.arm.rtsv7A.aa15fg(System.oa15fg)
 .text          0x000000008000590c        0x0 /home/dmitrii/ti/bios_6_76_02_02/packages/gnu/targets/arm/rtsv7A/lib/gnu.targets.arm.rtsv7A.aa15fg(SysMin.oa15fg)
 .text          0x000000008000590c        0x0 /home/dmitrii/ti/bios_6_76_02_02/packages/gnu/targets/arm/rtsv7A/lib/gnu.targets.arm.rtsv7A.aa15fg(Text.oa15fg)
 .text          0x000000008000590c        0x0 /home/dmitrii/ti/bios_6_76_02_02/packages/gnu/targets/arm/rtsv7A/lib/gnu.targets.arm.rtsv7A.aa15fg(xdc_noinit.oa15fg)
 .text          0x000000008000590c        0x0 /home/dmitrii/ti/bios_6_76_02_02/packages/gnu/targets/arm/rtsv7A/lib/gnu.targets.arm.rtsv7A.aa15fg(Log.oa15fg)
 .text          0x000000008000590c        0x0 /home/dmitrii/ti/bios_6_76_02_02/packages/gnu/targets/arm/rtsv7A/lib/gnu.targets.arm.rtsv7A.aa15fg(Registry.oa15fg)
 .text          0x000000008000590c        0x0 /home/dmitrii/ti/bios_6_76_02_02/packages/gnu/targets/arm/rtsv7A/lib/boot.aa15fg(boot.oa15fg)
 .text          0x000000008000590c        0x0 /home/dmitrii/ti/bios_6_76_02_02/packages/gnu/targets/arm/rtsv7A/lib/boot.aa15fg(startup.oa15fg)
 .text          0x000000008000590c        0x0 /home/dmitrii/ti/bios_6_76_02_02/packages/gnu/targets/arm/rtsv7A/lib/syscalls.aa15fg(syscalls.oa15fg)
 .text          0x000000008000590c       0xd4 /home/dmitrii/ti/ccs910/ccs/tools/compiler/gcc-arm-none-eabi-7-2017-q4-major/bin/../lib/gcc/arm-none-eabi/7.2.1/hard/libgcc.a(_aeabi_ldivmod.o)
                0x000000008000590c                __aeabi_ldivmod
 .text          0x00000000800059e0       0x3c /home/dmitrii/ti/ccs910/ccs/tools/compiler/gcc-arm-none-eabi-7-2017-q4-major/bin/../lib/gcc/arm-none-eabi/7.2.1/hard/libgcc.a(_aeabi_uldivmod.o)
                0x00000000800059e0                __aeabi_uldivmod
 .text          0x0000000080005a1c      0x16c /home/dmitrii/ti/ccs910/ccs/tools/compiler/gcc-arm-none-eabi-7-2017-q4-major/bin/../lib/gcc/arm-none-eabi/7.2.1/hard/libgcc.a(_udivmoddi4.o)
                0x0000000080005a1c                __udivmoddi4
 .text          0x0000000080005b88        0x4 /home/dmitrii/ti/ccs910/ccs/tools/compiler/gcc-arm-none-eabi-7-2017-q4-major/bin/../lib/gcc/arm-none-eabi/7.2.1/hard/libgcc.a(_dvmd_tls.o)
                0x0000000080005b88                __aeabi_ldiv0
                0x0000000080005b88                __aeabi_idiv0
 .text          0x0000000080005b8c       0x28 /home/dmitrii/ti/ccs910/ccs/tools/compiler/gcc-arm-none-eabi-7-2017-q4-major/bin/../lib/gcc/arm-none-eabi/7.2.1/hard/libgcc.a(_clzdi2.o)
                0x0000000080005b8c                __clzdi2
 .text          0x0000000080005bb4       0x48 /home/dmitrii/ti/ccs910/ccs/tools/compiler/gcc-arm-none-eabi-7-2017-q4-major/bin/../lib/gcc/arm-none-eabi/7.2.1/hard/libgcc.a(_clzsi2.o)
                0x0000000080005bb4                __clzsi2
 .text          0x0000000080005bfc        0x0 /home/dmitrii/ti/bios_6_76_02_02/packages/gnu/targets/arm/libs/install-native/arm-none-eabi/lib/hard/libnosys.a(write.o)
 .text          0x0000000080005bfc        0x0 /home/dmitrii/ti/bios_6_76_02_02/packages/gnu/targets/arm/libs/install-native/arm-none-eabi/lib/hard/libnosys.a(errno.o)
 .text          0x0000000080005bfc        0x0 /home/dmitrii/ti/bios_6_76_02_02/packages/gnu/targets/arm/libs/install-native/arm-none-eabi/lib/hard/libc_nano.a(lib_a-abort.o)
 .text          0x0000000080005bfc        0x0 /home/dmitrii/ti/bios_6_76_02_02/packages/gnu/targets/arm/libs/install-native/arm-none-eabi/lib/hard/libc_nano.a(lib_a-exit.o)
 .text          0x0000000080005bfc        0x0 /home/dmitrii/ti/bios_6_76_02_02/packages/gnu/targets/arm/libs/install-native/arm-none-eabi/lib/hard/libc_nano.a(lib_a-fclose.o)
 .text          0x0000000080005bfc        0x0 /home/dmitrii/ti/bios_6_76_02_02/packages/gnu/targets/arm/libs/install-native/arm-none-eabi/lib/hard/libc_nano.a(lib_a-fflush.o)
 .text          0x0000000080005bfc        0x0 /home/dmitrii/ti/bios_6_76_02_02/packages/gnu/targets/arm/libs/install-native/arm-none-eabi/lib/hard/libc_nano.a(lib_a-findfp.o)
 .text          0x0000000080005bfc        0x0 /home/dmitrii/ti/bios_6_76_02_02/packages/gnu/targets/arm/libs/install-native/arm-none-eabi/lib/hard/libc_nano.a(lib_a-fwalk.o)
 .text          0x0000000080005bfc        0x0 /home/dmitrii/ti/bios_6_76_02_02/packages/gnu/targets/arm/libs/install-native/arm-none-eabi/lib/hard/libc_nano.a(lib_a-impure.o)
 .text          0x0000000080005bfc        0x0 /home/dmitrii/ti/bios_6_76_02_02/packages/gnu/targets/arm/libs/install-native/arm-none-eabi/lib/hard/libc_nano.a(lib_a-memcpy-stub.o)
 .text          0x0000000080005bfc        0x0 /home/dmitrii/ti/bios_6_76_02_02/packages/gnu/targets/arm/libs/install-native/arm-none-eabi/lib/hard/libc_nano.a(lib_a-memset.o)
 .text          0x0000000080005bfc        0x0 /home/dmitrii/ti/bios_6_76_02_02/packages/gnu/targets/arm/libs/install-native/arm-none-eabi/lib/hard/libc_nano.a(lib_a-reent.o)
 .text          0x0000000080005bfc        0x0 /home/dmitrii/ti/bios_6_76_02_02/packages/gnu/targets/arm/libs/install-native/arm-none-eabi/lib/hard/libc_nano.a(lib_a-signal.o)
 .text          0x0000000080005bfc        0x0 /home/dmitrii/ti/bios_6_76_02_02/packages/gnu/targets/arm/libs/install-native/arm-none-eabi/lib/hard/libc_nano.a(lib_a-signalr.o)
 .text          0x0000000080005bfc        0x0 /home/dmitrii/ti/bios_6_76_02_02/packages/gnu/targets/arm/libs/install-native/arm-none-eabi/lib/hard/libc_nano.a(lib_a-stdio.o)
 .text          0x0000000080005bfc       0x1c /home/dmitrii/ti/bios_6_76_02_02/packages/gnu/targets/arm/libs/install-native/arm-none-eabi/lib/hard/libc_nano.a(lib_a-strcmp.o)
                0x0000000080005bfc                strcmp
 .text          0x0000000080005c18        0xe /home/dmitrii/ti/bios_6_76_02_02/packages/gnu/targets/arm/libs/install-native/arm-none-eabi/lib/hard/libc_nano.a(lib_a-strlen.o)
                0x0000000080005c18                strlen
 .text          0x0000000080005c26        0x0 /home/dmitrii/ti/bios_6_76_02_02/packages/gnu/targets/arm/libs/install-native/arm-none-eabi/lib/hard/libc_nano.a(lib_a-tirtos_validate.o)
 .text          0x0000000080005c26        0x0 /home/dmitrii/ti/bios_6_76_02_02/packages/gnu/targets/arm/libs/install-native/arm-none-eabi/lib/hard/libc_nano.a(lib_a-writer.o)
 .text          0x0000000080005c26        0x0 /home/dmitrii/ti/bios_6_76_02_02/packages/gnu/targets/arm/libs/install-native/arm-none-eabi/lib/hard/libc_nano.a(lib_a-closer.o)
 .text          0x0000000080005c26        0x0 /home/dmitrii/ti/bios_6_76_02_02/packages/gnu/targets/arm/libs/install-native/arm-none-eabi/lib/hard/libc_nano.a(lib_a-lseekr.o)
 .text          0x0000000080005c26        0x0 /home/dmitrii/ti/bios_6_76_02_02/packages/gnu/targets/arm/libs/install-native/arm-none-eabi/lib/hard/libc_nano.a(lib_a-readr.o)
 .text          0x0000000080005c26        0x0 /home/dmitrii/ti/bios_6_76_02_02/packages/gnu/targets/arm/libs/install-native/arm-none-eabi/lib/hard/librdimon_nano.a(rdimon-syscalls.o)
 .text          0x0000000080005c26        0x0 /home/dmitrii/ti/bios_6_76_02_02/packages/gnu/targets/arm/libs/install-native/arm-none-eabi/lib/hard/librdimon_nano.a(rdimon-_kill.o)
 .text          0x0000000080005c26        0x0 /home/dmitrii/ti/pdk_am57xx_1_0_16/packages/ti/board/lib/evmAM572x/a15/release//ti.board.aa15fg(UART_soc.oa15fg)
 .text          0x0000000080005c26        0x0 /home/dmitrii/ti/pdk_am57xx_1_0_16/packages/ti/drv/uart/lib/am572x/a15/release//ti.drv.uart.aa15fg(UART_v1.oa15fg)
 .text          0x0000000080005c26        0x0 /home/dmitrii/ti/pdk_am57xx_1_0_16/packages/ti/csl/lib/am572x/a15/release//ti.csl.aa15fg(uart.oa15fg)
 .text          0x0000000080005c26        0x0 /home/dmitrii/ti/bios_6_76_02_02/packages/gnu/targets/arm/libs/install-native/arm-none-eabi/lib/hard/libc_nano.a(lib_a-errno.o)
 *(.text.*)
 *fill*         0x0000000080005c26        0x2 
 .text.SVC_Handler
                0x0000000080005c28        0x4 /home/dmitrii/ti/ccs910/workspace_v9/TestGPIOIsr/Debug/configPkg/package/cfg/app_pa15fg.oa15fg
                0x0000000080005c28                SVC_Handler
 .text.xdc_runtime_Startup_exec__I
                0x0000000080005c2c       0x1c /home/dmitrii/ti/ccs910/workspace_v9/TestGPIOIsr/Debug/configPkg/package/cfg/app_pa15fg.oa15fg
                0x0000000080005c2c                xdc_runtime_Startup_exec(int0_t)
 .text.xdc_runtime_System_printfExtend__I
                0x0000000080005c48      0x190 /home/dmitrii/ti/ccs910/workspace_v9/TestGPIOIsr/Debug/configPkg/package/cfg/app_pa15fg.oa15fg
                0x0000000080005c48                xdc_runtime_System_printfExtend(int0_t)
 .text.xdc_runtime_SysMin_output__I
                0x0000000080005dd8       0x64 /home/dmitrii/ti/ccs910/workspace_v9/TestGPIOIsr/Debug/configPkg/package/cfg/app_pa15fg.oa15fg
                0x0000000080005dd8                xdc_runtime_SysMin_output(int0_t)
 .text.xdc_runtime_Text_visitRope__I
                0x0000000080005e3c       0x18 /home/dmitrii/ti/ccs910/workspace_v9/TestGPIOIsr/Debug/configPkg/package/cfg/app_pa15fg.oa15fg
                0x0000000080005e3c                xdc_runtime_Text_visitRope(int0_t)
 .text.ti_sysbios_BIOS_startFunc__I
                0x0000000080005e54       0x40 /home/dmitrii/ti/ccs910/workspace_v9/TestGPIOIsr/Debug/configPkg/package/cfg/app_pa15fg.oa15fg
                0x0000000080005e54                ti_sysbios_BIOS_startFunc(int0_t)
 .text.ti_sysbios_BIOS_atExitFunc__I
                0x0000000080005e94       0x24 /home/dmitrii/ti/ccs910/workspace_v9/TestGPIOIsr/Debug/configPkg/package/cfg/app_pa15fg.oa15fg
                0x0000000080005e94                ti_sysbios_BIOS_atExitFunc(int0_t)
 .text.ti_sysbios_BIOS_exitFunc__I
                0x0000000080005eb8       0x28 /home/dmitrii/ti/ccs910/workspace_v9/TestGPIOIsr/Debug/configPkg/package/cfg/app_pa15fg.oa15fg
                0x0000000080005eb8                ti_sysbios_BIOS_exitFunc(int0_t)
 .text.ti_sysbios_BIOS_errorRaiseHook__I
                0x0000000080005ee0       0x40 /home/dmitrii/ti/ccs910/workspace_v9/TestGPIOIsr/Debug/configPkg/package/cfg/app_pa15fg.oa15fg
                0x0000000080005ee0                ti_sysbios_BIOS_errorRaiseHook(int0_t)
 .text.ti_sysbios_rts_MemAlloc_alloc
                0x0000000080005f20       0x68 /home/dmitrii/ti/ccs910/workspace_v9/TestGPIOIsr/Debug/configPkg/package/cfg/app_pa15fg.oa15fg
 .text.xdc_runtime_LoggerBuf_Handle__label__S
                0x0000000080005f88       0x3c /home/dmitrii/ti/ccs910/workspace_v9/TestGPIOIsr/Debug/configPkg/package/cfg/app_pa15fg.oa15fg
                0x0000000080005f88                xdc_runtime_LoggerBuf_Handle__label(void) static
 .text.ti_sysbios_gates_GateHwi_Object__delete__S
                0x0000000080005fc4       0x44 /home/dmitrii/ti/ccs910/workspace_v9/TestGPIOIsr/Debug/configPkg/package/cfg/app_pa15fg.oa15fg
                0x0000000080005fc4                ti_sysbios_gates_GateHwi_Object__delete(void) static
 .text.ti_sysbios_gates_GateMutex_Object__delete__S
                0x0000000080006008       0x48 /home/dmitrii/ti/ccs910/workspace_v9/TestGPIOIsr/Debug/configPkg/package/cfg/app_pa15fg.oa15fg
                0x0000000080006008                ti_sysbios_gates_GateMutex_Object__delete(void) static
 .text.ti_sysbios_heaps_HeapMem_Object__delete__S
                0x0000000080006050       0x44 /home/dmitrii/ti/ccs910/workspace_v9/TestGPIOIsr/Debug/configPkg/package/cfg/app_pa15fg.oa15fg
                0x0000000080006050                ti_sysbios_heaps_HeapMem_Object__delete(void) static
 .text.xdc_runtime_LoggerBuf_Object__delete__S
                0x0000000080006094       0x48 /home/dmitrii/ti/ccs910/workspace_v9/TestGPIOIsr/Debug/configPkg/package/cfg/app_pa15fg.oa15fg
                0x0000000080006094                xdc_runtime_LoggerBuf_Object__delete(void) static
 .text.ti_sysbios_gates_GateHwi_Object__create__S
                0x00000000800060dc       0x50 /home/dmitrii/ti/ccs910/workspace_v9/TestGPIOIsr/Debug/configPkg/package/cfg/app_pa15fg.oa15fg
                0x00000000800060dc                ti_sysbios_gates_GateHwi_Object__create(void) static
 .text.ti_sysbios_gates_GateMutex_Object__create__S
                0x000000008000612c       0x50 /home/dmitrii/ti/ccs910/workspace_v9/TestGPIOIsr/Debug/configPkg/package/cfg/app_pa15fg.oa15fg
                0x000000008000612c                ti_sysbios_gates_GateMutex_Object__create(void) static
 .text.ti_sysbios_heaps_HeapMem_Object__create__S
                0x000000008000617c       0x50 /home/dmitrii/ti/ccs910/workspace_v9/TestGPIOIsr/Debug/configPkg/package/cfg/app_pa15fg.oa15fg
                0x000000008000617c                ti_sysbios_heaps_HeapMem_Object__create(void) static
 .text.xdc_runtime_LoggerBuf_Object__create__S
                0x00000000800061cc       0x8c /home/dmitrii/ti/ccs910/workspace_v9/TestGPIOIsr/Debug/configPkg/package/cfg/app_pa15fg.oa15fg
                0x00000000800061cc                xdc_runtime_LoggerBuf_Object__create(void) static
 .text.ti_sysbios_knl_Clock_doTick__I
                0x0000000080006258       0x5c /home/dmitrii/ti/ccs910/workspace_v9/TestGPIOIsr/Debug/configPkg/package/cfg/app_pa15fg.oa15fg
                0x0000000080006258                ti_sysbios_knl_Clock_doTick(int0_t)
 .text.free.part.1
                0x00000000800062b4       0x1c /home/dmitrii/ti/ccs910/workspace_v9/TestGPIOIsr/Debug/configPkg/package/cfg/app_pa15fg.oa15fg
 .text.xdc_runtime_Startup_reset__I
                0x00000000800062d0       0x1c /home/dmitrii/ti/ccs910/workspace_v9/TestGPIOIsr/Debug/configPkg/package/cfg/app_pa15fg.oa15fg
                0x00000000800062d0                xdc_runtime_Startup_reset(int0_t)
 .text.__getreent
                0x00000000800062ec       0x3c /home/dmitrii/ti/ccs910/workspace_v9/TestGPIOIsr/Debug/configPkg/package/cfg/app_pa15fg.oa15fg
                0x00000000800062ec                __getreent
 .text.__libc_lock_release_recursive
                0x0000000080006328       0x20 /home/dmitrii/ti/ccs910/workspace_v9/TestGPIOIsr/Debug/configPkg/package/cfg/app_pa15fg.oa15fg
                0x0000000080006328                __libc_lock_release_recursive
 .text.__libc_lock_close_recursive
                0x0000000080006348       0x54 /home/dmitrii/ti/ccs910/workspace_v9/TestGPIOIsr/Debug/configPkg/package/cfg/app_pa15fg.oa15fg
                0x0000000080006348                __libc_lock_close_recursive
 .text.ti_sysbios_family_arm_a15_Mmu_clearTableBuf__I
                0x000000008000639c       0x80 /home/dmitrii/ti/ccs910/workspace_v9/TestGPIOIsr/Debug/configPkg/package/cfg/app_pa15fg.oa15fg
                0x000000008000639c                ti_sysbios_family_arm_a15_Mmu_clearTableBuf(int0_t)
 .text.ti_sysbios_family_arm_a15_Mmu_initFirstLevelTableBuf__I
                0x000000008000641c       0x4c /home/dmitrii/ti/ccs910/workspace_v9/TestGPIOIsr/Debug/configPkg/package/cfg/app_pa15fg.oa15fg
                0x000000008000641c                ti_sysbios_family_arm_a15_Mmu_initFirstLevelTableBuf(int0_t)
 .text.ti_sysbios_family_arm_a15_Mmu_initSecondLevelTableBuf__I
                0x0000000080006468     0x8124 /home/dmitrii/ti/ccs910/workspace_v9/TestGPIOIsr/Debug/configPkg/package/cfg/app_pa15fg.oa15fg
                0x0000000080006468                ti_sysbios_family_arm_a15_Mmu_initSecondLevelTableBuf(int0_t)
 .text._malloc_r
                0x000000008000e58c        0x8 /home/dmitrii/ti/ccs910/workspace_v9/TestGPIOIsr/Debug/configPkg/package/cfg/app_pa15fg.oa15fg
                0x000000008000e58c                _malloc_r
 .text._free_r  0x000000008000e594       0x10 /home/dmitrii/ti/ccs910/workspace_v9/TestGPIOIsr/Debug/configPkg/package/cfg/app_pa15fg.oa15fg
                0x000000008000e594                _free_r
 .text.xdc_runtime_System_printf__E
                0x000000008000e5a4       0x30 /home/dmitrii/ti/ccs910/workspace_v9/TestGPIOIsr/Debug/configPkg/package/cfg/app_pa15fg.oa15fg
                0x000000008000e5a4                xdc_runtime_System_printf__E
 .text.xdc_runtime_System_aprintf__E
                0x000000008000e5d4       0x30 /home/dmitrii/ti/ccs910/workspace_v9/TestGPIOIsr/Debug/configPkg/package/cfg/app_pa15fg.oa15fg
                0x000000008000e5d4                xdc_runtime_System_aprintf__E
 .text.ti_sysbios_BIOS_RtsGateProxy_Handle__label__S
                0x000000008000e604       0x3c /home/dmitrii/ti/ccs910/workspace_v9/TestGPIOIsr/Debug/configPkg/package/cfg/app_pa15fg.oa15fg
                0x000000008000e604                ti_sysbios_BIOS_RtsGateProxy_Handle__label(void) static
 .text.ti_sysbios_gates_GateMutex_Handle__label__S
                0x000000008000e640        0x4 /home/dmitrii/ti/ccs910/workspace_v9/TestGPIOIsr/Debug/configPkg/package/cfg/app_pa15fg.oa15fg
                0x000000008000e640                ti_sysbios_gates_GateMutex_Handle__label(void) static
 .text.ti_sysbios_hal_Hwi_HwiProxy_Module__startupDone__S
                0x000000008000e644       0x20 /home/dmitrii/ti/ccs910/workspace_v9/TestGPIOIsr/Debug/configPkg/package/cfg/app_pa15fg.oa15fg
                0x000000008000e644                ti_sysbios_hal_Hwi_HwiProxy_Module__startupDone(void) static
 .text.ti_sysbios_hal_Hwi_HwiProxy_delete
                0x000000008000e664       0x48 /home/dmitrii/ti/ccs910/workspace_v9/TestGPIOIsr/Debug/configPkg/package/cfg/app_pa15fg.oa15fg
                0x000000008000e664                ti_sysbios_hal_Hwi_HwiProxy_delete
 .text.ti_sysbios_hal_Hwi_HwiProxy_getStackInfo__E
                0x000000008000e6ac        0x4 /home/dmitrii/ti/ccs910/workspace_v9/TestGPIOIsr/Debug/configPkg/package/cfg/app_pa15fg.oa15fg
                0x000000008000e6ac                ti_sysbios_hal_Hwi_HwiProxy_getStackInfo__E
 .text.ti_sysbios_hal_Hwi_HwiProxy_startup__E
                0x000000008000e6b0        0x4 /home/dmitrii/ti/ccs910/workspace_v9/TestGPIOIsr/Debug/configPkg/package/cfg/app_pa15fg.oa15fg
                0x000000008000e6b0                ti_sysbios_hal_Hwi_HwiProxy_startup__E
 .text.ti_sysbios_hal_Hwi_HwiProxy_switchFromBootStack__E
                0x000000008000e6b4        0x4 /home/dmitrii/ti/ccs910/workspace_v9/TestGPIOIsr/Debug/configPkg/package/cfg/app_pa15fg.oa15fg
                0x000000008000e6b4                ti_sysbios_hal_Hwi_HwiProxy_switchFromBootStack__E
 .text.ti_sysbios_hal_Hwi_HwiProxy_enableInterrupt__E
                0x000000008000e6b8        0x4 /home/dmitrii/ti/ccs910/workspace_v9/TestGPIOIsr/Debug/configPkg/package/cfg/app_pa15fg.oa15fg
                0x000000008000e6b8                ti_sysbios_hal_Hwi_HwiProxy_enableInterrupt__E
 .text.ti_sysbios_heaps_HeapMem_Module_GateProxy_query__E
                0x000000008000e6bc        0x4 /home/dmitrii/ti/ccs910/workspace_v9/TestGPIOIsr/Debug/configPkg/package/cfg/app_pa15fg.oa15fg
                0x000000008000e6bc                ti_sysbios_heaps_HeapMem_Module_GateProxy_query__E
 .text.ti_sysbios_heaps_HeapMem_Module_GateProxy_enter__E
                0x000000008000e6c0        0x4 /home/dmitrii/ti/ccs910/workspace_v9/TestGPIOIsr/Debug/configPkg/package/cfg/app_pa15fg.oa15fg
                0x000000008000e6c0                ti_sysbios_heaps_HeapMem_Module_GateProxy_enter__E
 .text.ti_sysbios_heaps_HeapMem_Module_GateProxy_leave__E
                0x000000008000e6c4        0x4 /home/dmitrii/ti/ccs910/workspace_v9/TestGPIOIsr/Debug/configPkg/package/cfg/app_pa15fg.oa15fg
                0x000000008000e6c4                ti_sysbios_heaps_HeapMem_Module_GateProxy_leave__E
 .text.ti_sysbios_knl_Clock_TimerProxy_getMaxTicks__E
                0x000000008000e6c8        0x4 /home/dmitrii/ti/ccs910/workspace_v9/TestGPIOIsr/Debug/configPkg/package/cfg/app_pa15fg.oa15fg
                0x000000008000e6c8                ti_sysbios_knl_Clock_TimerProxy_getMaxTicks__E
 .text.ti_sysbios_knl_Task_SupportProxy_Module__startupDone__S
                0x000000008000e6cc        0x8 /home/dmitrii/ti/ccs910/workspace_v9/TestGPIOIsr/Debug/configPkg/package/cfg/app_pa15fg.oa15fg
                0x000000008000e6cc                ti_sysbios_knl_Task_SupportProxy_Module__startupDone(void) static
 .text.ti_sysbios_knl_Task_SupportProxy_start__E
                0x000000008000e6d4        0x4 /home/dmitrii/ti/ccs910/workspace_v9/TestGPIOIsr/Debug/configPkg/package/cfg/app_pa15fg.oa15fg
                0x000000008000e6d4                ti_sysbios_knl_Task_SupportProxy_start__E
 .text.ti_sysbios_knl_Task_SupportProxy_swap__E
                0x000000008000e6d8        0x4 /home/dmitrii/ti/ccs910/workspace_v9/TestGPIOIsr/Debug/configPkg/package/cfg/app_pa15fg.oa15fg
                0x000000008000e6d8                ti_sysbios_knl_Task_SupportProxy_swap__E
 .text.ti_sysbios_knl_Task_SupportProxy_checkStack__E
                0x000000008000e6dc        0x4 /home/dmitrii/ti/ccs910/workspace_v9/TestGPIOIsr/Debug/configPkg/package/cfg/app_pa15fg.oa15fg
                0x000000008000e6dc                ti_sysbios_knl_Task_SupportProxy_checkStack__E
 .text.xdc_runtime_LoggerBuf_Module_GateProxy_enter__E
                0x000000008000e6e0        0x4 /home/dmitrii/ti/ccs910/workspace_v9/TestGPIOIsr/Debug/configPkg/package/cfg/app_pa15fg.oa15fg
                0x000000008000e6e0                xdc_runtime_LoggerBuf_Module_GateProxy_enter__E
 .text.xdc_runtime_LoggerBuf_Module_GateProxy_leave__E
                0x000000008000e6e4        0x4 /home/dmitrii/ti/ccs910/workspace_v9/TestGPIOIsr/Debug/configPkg/package/cfg/app_pa15fg.oa15fg
                0x000000008000e6e4                xdc_runtime_LoggerBuf_Module_GateProxy_leave__E
 .text.xdc_runtime_LoggerBuf_TimestampProxy_get64__E
                0x000000008000e6e8        0x4 /home/dmitrii/ti/ccs910/workspace_v9/TestGPIOIsr/Debug/configPkg/package/cfg/app_pa15fg.oa15fg
                0x000000008000e6e8                xdc_runtime_LoggerBuf_TimestampProxy_get64__E
 .text.xdc_runtime_Main_Module_GateProxy_Handle__label__S
                0x000000008000e6ec       0x3c /home/dmitrii/ti/ccs910/workspace_v9/TestGPIOIsr/Debug/configPkg/package/cfg/app_pa15fg.oa15fg
                0x000000008000e6ec                xdc_runtime_Main_Module_GateProxy_Handle__label(void) static
 .text.ti_sysbios_gates_GateHwi_Handle__label__S
                0x000000008000e728        0x4 /home/dmitrii/ti/ccs910/workspace_v9/TestGPIOIsr/Debug/configPkg/package/cfg/app_pa15fg.oa15fg
                0x000000008000e728                ti_sysbios_gates_GateHwi_Handle__label(void) static
 .text.xdc_runtime_Memory_HeapProxy_Handle__label__S
                0x000000008000e72c       0x3c /home/dmitrii/ti/ccs910/workspace_v9/TestGPIOIsr/Debug/configPkg/package/cfg/app_pa15fg.oa15fg
                0x000000008000e72c                xdc_runtime_Memory_HeapProxy_Handle__label(void) static
 .text.ti_sysbios_heaps_HeapMem_Handle__label__S
                0x000000008000e768        0x4 /home/dmitrii/ti/ccs910/workspace_v9/TestGPIOIsr/Debug/configPkg/package/cfg/app_pa15fg.oa15fg
                0x000000008000e768                ti_sysbios_heaps_HeapMem_Handle__label(void) static
 .text.xdc_runtime_Memory_HeapProxy_alloc__E
                0x000000008000e76c       0x18 /home/dmitrii/ti/ccs910/workspace_v9/TestGPIOIsr/Debug/configPkg/package/cfg/app_pa15fg.oa15fg
                0x000000008000e76c                xdc_runtime_Memory_HeapProxy_alloc__E
 .text.xdc_runtime_Memory_HeapProxy_free__E
                0x000000008000e784        0xc /home/dmitrii/ti/ccs910/workspace_v9/TestGPIOIsr/Debug/configPkg/package/cfg/app_pa15fg.oa15fg
                0x000000008000e784                xdc_runtime_Memory_HeapProxy_free__E
 .text.xdc_runtime_System_Module_GateProxy_enter__E
                0x000000008000e790        0x4 /home/dmitrii/ti/ccs910/workspace_v9/TestGPIOIsr/Debug/configPkg/package/cfg/app_pa15fg.oa15fg
                0x000000008000e790                xdc_runtime_System_Module_GateProxy_enter__E
 .text.xdc_runtime_System_Module_GateProxy_leave__E
                0x000000008000e794        0x4 /home/dmitrii/ti/ccs910/workspace_v9/TestGPIOIsr/Debug/configPkg/package/cfg/app_pa15fg.oa15fg
                0x000000008000e794                xdc_runtime_System_Module_GateProxy_leave__E
 .text.xdc_runtime_System_SupportProxy_abort__E
                0x000000008000e798        0x4 /home/dmitrii/ti/ccs910/workspace_v9/TestGPIOIsr/Debug/configPkg/package/cfg/app_pa15fg.oa15fg
                0x000000008000e798                xdc_runtime_System_SupportProxy_abort__E
 .text.xdc_runtime_System_SupportProxy_exit__E
                0x000000008000e79c        0x4 /home/dmitrii/ti/ccs910/workspace_v9/TestGPIOIsr/Debug/configPkg/package/cfg/app_pa15fg.oa15fg
                0x000000008000e79c                xdc_runtime_System_SupportProxy_exit__E
 .text.xdc_runtime_System_SupportProxy_putch__E
                0x000000008000e7a0        0x4 /home/dmitrii/ti/ccs910/workspace_v9/TestGPIOIsr/Debug/configPkg/package/cfg/app_pa15fg.oa15fg
                0x000000008000e7a0                xdc_runtime_System_SupportProxy_putch__E
 .text.xdc_runtime_System_SupportProxy_ready__E
                0x000000008000e7a4        0x4 /home/dmitrii/ti/ccs910/workspace_v9/TestGPIOIsr/Debug/configPkg/package/cfg/app_pa15fg.oa15fg
                0x000000008000e7a4                xdc_runtime_System_SupportProxy_ready__E
 .text.ti_sysbios_family_arm_gic_Hwi_Module__startupDone__S
                0x000000008000e7a8       0x20 /home/dmitrii/ti/ccs910/workspace_v9/TestGPIOIsr/Debug/configPkg/package/cfg/app_pa15fg.oa15fg
                0x000000008000e7a8                ti_sysbios_family_arm_gic_Hwi_Module__startupDone(void) static
 .text.ti_sysbios_family_arm_gic_Hwi_Params__init__S
                0x000000008000e7c8       0x14 /home/dmitrii/ti/ccs910/workspace_v9/TestGPIOIsr/Debug/configPkg/package/cfg/app_pa15fg.oa15fg
                0x000000008000e7c8                ti_sysbios_family_arm_gic_Hwi_Params__init(void) static
 .text.ti_sysbios_family_arm_gic_Hwi_create
                0x000000008000e7dc       0xa8 /home/dmitrii/ti/ccs910/workspace_v9/TestGPIOIsr/Debug/configPkg/package/cfg/app_pa15fg.oa15fg
                0x000000008000e7dc                ti_sysbios_family_arm_gic_Hwi_create
 .text.ti_sysbios_hal_Hwi_HwiProxy_create
                0x000000008000e884        0x4 /home/dmitrii/ti/ccs910/workspace_v9/TestGPIOIsr/Debug/configPkg/package/cfg/app_pa15fg.oa15fg
                0x000000008000e884                ti_sysbios_hal_Hwi_HwiProxy_create
 .text.ti_sysbios_family_arm_gic_Hwi_construct
                0x000000008000e888       0x94 /home/dmitrii/ti/ccs910/workspace_v9/TestGPIOIsr/Debug/configPkg/package/cfg/app_pa15fg.oa15fg
                0x000000008000e888                ti_sysbios_family_arm_gic_Hwi_construct
 .text.ti_sysbios_family_arm_gic_Hwi_destruct
                0x000000008000e91c       0x34 /home/dmitrii/ti/ccs910/workspace_v9/TestGPIOIsr/Debug/configPkg/package/cfg/app_pa15fg.oa15fg
                0x000000008000e91c                ti_sysbios_family_arm_gic_Hwi_destruct
 .text.ti_sysbios_family_arm_systimer_Timer_Module__startupDone__S
                0x000000008000e950       0x20 /home/dmitrii/ti/ccs910/workspace_v9/TestGPIOIsr/Debug/configPkg/package/cfg/app_pa15fg.oa15fg
                0x000000008000e950                ti_sysbios_family_arm_systimer_Timer_Module__startupDone(void) static
 .text.ti_sysbios_knl_Clock_TimerProxy_Module__startupDone__S
                0x000000008000e970        0x4 /home/dmitrii/ti/ccs910/workspace_v9/TestGPIOIsr/Debug/configPkg/package/cfg/app_pa15fg.oa15fg
                0x000000008000e970                ti_sysbios_knl_Clock_TimerProxy_Module__startupDone(void) static
 .text.ti_sysbios_hal_Hwi_Params__init__S
                0x000000008000e974       0x14 /home/dmitrii/ti/ccs910/workspace_v9/TestGPIOIsr/Debug/configPkg/package/cfg/app_pa15fg.oa15fg
                0x000000008000e974                ti_sysbios_hal_Hwi_Params__init(void) static
 .text.ti_sysbios_hal_Hwi_create
                0x000000008000e988       0xa8 /home/dmitrii/ti/ccs910/workspace_v9/TestGPIOIsr/Debug/configPkg/package/cfg/app_pa15fg.oa15fg
                0x000000008000e988                ti_sysbios_hal_Hwi_create
 .text.ti_sysbios_heaps_HeapMem_Object__get__S
                0x000000008000ea30       0x1c /home/dmitrii/ti/ccs910/workspace_v9/TestGPIOIsr/Debug/configPkg/package/cfg/app_pa15fg.oa15fg
                0x000000008000ea30                ti_sysbios_heaps_HeapMem_Object__get(void) static
 .text.ti_sysbios_knl_Queue_Object__get__S
                0x000000008000ea4c        0xc /home/dmitrii/ti/ccs910/workspace_v9/TestGPIOIsr/Debug/configPkg/package/cfg/app_pa15fg.oa15fg
                0x000000008000ea4c                ti_sysbios_knl_Queue_Object__get(void) static
 .text.ti_sysbios_knl_Queue_construct
                0x000000008000ea58       0x50 /home/dmitrii/ti/ccs910/workspace_v9/TestGPIOIsr/Debug/configPkg/package/cfg/app_pa15fg.oa15fg
                0x000000008000ea58                ti_sysbios_knl_Queue_construct
 .text.ti_sysbios_knl_Queue_destruct
                0x000000008000eaa8       0x30 /home/dmitrii/ti/ccs910/workspace_v9/TestGPIOIsr/Debug/configPkg/package/cfg/app_pa15fg.oa15fg
                0x000000008000eaa8                ti_sysbios_knl_Queue_destruct
 .text.ti_sysbios_knl_Semaphore_Params__init__S
                0x000000008000ead8       0x14 /home/dmitrii/ti/ccs910/workspace_v9/TestGPIOIsr/Debug/configPkg/package/cfg/app_pa15fg.oa15fg
                0x000000008000ead8                ti_sysbios_knl_Semaphore_Params__init(void) static
 .text.ti_sysbios_knl_Semaphore_construct
                0x000000008000eaec       0x58 /home/dmitrii/ti/ccs910/workspace_v9/TestGPIOIsr/Debug/configPkg/package/cfg/app_pa15fg.oa15fg
                0x000000008000eaec                ti_sysbios_knl_Semaphore_construct
 .text.__libc_lock_init_recursive
                0x000000008000eb44       0x60 /home/dmitrii/ti/ccs910/workspace_v9/TestGPIOIsr/Debug/configPkg/package/cfg/app_pa15fg.oa15fg
                0x000000008000eb44                __libc_lock_init_recursive
 .text.__libc_lock_acquire_recursive
                0x000000008000eba4       0xc4 /home/dmitrii/ti/ccs910/workspace_v9/TestGPIOIsr/Debug/configPkg/package/cfg/app_pa15fg.oa15fg
                0x000000008000eba4                __libc_lock_acquire_recursive
 .text.ti_sysbios_knl_Semaphore_destruct
                0x000000008000ec68       0x34 /home/dmitrii/ti/ccs910/workspace_v9/TestGPIOIsr/Debug/configPkg/package/cfg/app_pa15fg.oa15fg
                0x000000008000ec68                ti_sysbios_knl_Semaphore_destruct
 .text.ti_sysbios_knl_Swi_Object__get__S
                0x000000008000ec9c       0x1c /home/dmitrii/ti/ccs910/workspace_v9/TestGPIOIsr/Debug/configPkg/package/cfg/app_pa15fg.oa15fg
                0x000000008000ec9c                ti_sysbios_knl_Swi_Object__get(void) static
 .text.ti_sysbios_knl_Task_Object__get__S
                0x000000008000ecb8       0x1c /home/dmitrii/ti/ccs910/workspace_v9/TestGPIOIsr/Debug/configPkg/package/cfg/app_pa15fg.oa15fg
                0x000000008000ecb8                ti_sysbios_knl_Task_Object__get(void) static
 .text.xdc_runtime_LoggerBuf_Object__get__S
                0x000000008000ecd4       0x1c /home/dmitrii/ti/ccs910/workspace_v9/TestGPIOIsr/Debug/configPkg/package/cfg/app_pa15fg.oa15fg
                0x000000008000ecd4                xdc_runtime_LoggerBuf_Object__get(void) static
 .text.Board_init
                0x000000008000ecf0      0x16c /home/dmitrii/ti/pdk_am57xx_1_0_16/packages/ti/board/lib/evmAM572x/a15/release/ti.board.aa15fg(evmAM572x.oa15fg)
                0x000000008000ecf0                Board_init
 .text.Board_uartStdioInit
                0x000000008000ee5c       0x20 /home/dmitrii/ti/pdk_am57xx_1_0_16/packages/ti/board/lib/evmAM572x/a15/release/ti.board.aa15fg(evmAM572x_lld_init.oa15fg)
                0x000000008000ee5c                Board_uartStdioInit
 .text.Board_pinmuxConfig
                0x000000008000ee7c       0xec /home/dmitrii/ti/pdk_am57xx_1_0_16/packages/ti/board/lib/evmAM572x/a15/release/ti.board.aa15fg(evmam572x_pinmux.oa15fg)
                0x000000008000ee7c                Board_pinmuxConfig
 .text.Board_moduleClockInit
                0x000000008000ef68      0xf2c /home/dmitrii/ti/pdk_am57xx_1_0_16/packages/ti/board/lib/evmAM572x/a15/release/ti.board.aa15fg(evmAM572x_clock.oa15fg)
                0x000000008000ef68                Board_moduleClockInit
 .text.emifConfigureDdr3
                0x000000008000fe94      0x410 /home/dmitrii/ti/pdk_am57xx_1_0_16/packages/ti/board/lib/evmAM572x/a15/release/ti.board.aa15fg(evmAM572x_ddr.oa15fg)
                0x000000008000fe94                emifConfigureDdr3
 .text.Board_DDR3Init
                0x00000000800102a4      0x2b8 /home/dmitrii/ti/pdk_am57xx_1_0_16/packages/ti/board/lib/evmAM572x/a15/release/ti.board.aa15fg(evmAM572x_ddr.oa15fg)
                0x00000000800102a4                Board_DDR3Init
 .text.pllcMpuConfigure
                0x000000008001055c       0x7c /home/dmitrii/ti/pdk_am57xx_1_0_16/packages/ti/board/lib/evmAM572x/a15/release/ti.board.aa15fg(evmAM572x_pll.oa15fg)
                0x000000008001055c                pllcMpuConfigure
 .text.pllcIvaConfigure
                0x00000000800105d8       0x60 /home/dmitrii/ti/pdk_am57xx_1_0_16/packages/ti/board/lib/evmAM572x/a15/release/ti.board.aa15fg(evmAM572x_pll.oa15fg)
                0x00000000800105d8                pllcIvaConfigure
 .text.pllcCoreConfigure
                0x0000000080010638      0x124 /home/dmitrii/ti/pdk_am57xx_1_0_16/packages/ti/board/lib/evmAM572x/a15/release/ti.board.aa15fg(evmAM572x_pll.oa15fg)
                0x0000000080010638                pllcCoreConfigure
 .text.pllcAbeConfigure
                0x000000008001075c       0x78 /home/dmitrii/ti/pdk_am57xx_1_0_16/packages/ti/board/lib/evmAM572x/a15/release/ti.board.aa15fg(evmAM572x_pll.oa15fg)
                0x000000008001075c                pllcAbeConfigure
 .text.pllcDdrConfigure
                0x00000000800107d4       0x90 /home/dmitrii/ti/pdk_am57xx_1_0_16/packages/ti/board/lib/evmAM572x/a15/release/ti.board.aa15fg(evmAM572x_pll.oa15fg)
                0x00000000800107d4                pllcDdrConfigure
 .text.pllcDspConfigure
                0x0000000080010864       0x78 /home/dmitrii/ti/pdk_am57xx_1_0_16/packages/ti/board/lib/evmAM572x/a15/release/ti.board.aa15fg(evmAM572x_pll.oa15fg)
                0x0000000080010864                pllcDspConfigure
 .text.pllcGmacConfigure
                0x00000000800108dc       0xc0 /home/dmitrii/ti/pdk_am57xx_1_0_16/packages/ti/board/lib/evmAM572x/a15/release/ti.board.aa15fg(evmAM572x_pll.oa15fg)
                0x00000000800108dc                pllcGmacConfigure
 .text.pllcGpuConfigure
                0x000000008001099c       0x60 /home/dmitrii/ti/pdk_am57xx_1_0_16/packages/ti/board/lib/evmAM572x/a15/release/ti.board.aa15fg(evmAM572x_pll.oa15fg)
                0x000000008001099c                pllcGpuConfigure
 .text.pllcPcieConfigure
                0x00000000800109fc       0x5c /home/dmitrii/ti/pdk_am57xx_1_0_16/packages/ti/board/lib/evmAM572x/a15/release/ti.board.aa15fg(evmAM572x_pll.oa15fg)
                0x00000000800109fc                pllcPcieConfigure
 .text.pllcPerConfigure
                0x0000000080010a58       0xd8 /home/dmitrii/ti/pdk_am57xx_1_0_16/packages/ti/board/lib/evmAM572x/a15/release/ti.board.aa15fg(evmAM572x_pll.oa15fg)
                0x0000000080010a58                pllcPerConfigure
 .text.Board_PLLInit
                0x0000000080010b30      0x488 /home/dmitrii/ti/pdk_am57xx_1_0_16/packages/ti/board/lib/evmAM572x/a15/release/ti.board.aa15fg(evmAM572x_pll.oa15fg)
                0x0000000080010b30                Board_PLLInit
 .text.I2C_Params_init
                0x0000000080010fb8       0x18 /home/dmitrii/ti/pdk_am57xx_1_0_16/packages/ti/drv/i2c/lib/am572x/a15/release/ti.drv.i2c.aa15fg(I2C_drv.oa15fg)
                0x0000000080010fb8                I2C_Params_init
 .text.I2C_init_v1
                0x0000000080010fd0       0x18 /home/dmitrii/ti/pdk_am57xx_1_0_16/packages/ti/drv/i2c/lib/am572x/a15/release/ti.drv.i2c.aa15fg(I2C_v1.oa15fg)
 .text.I2C_close_v1
                0x0000000080010fe8       0xa4 /home/dmitrii/ti/pdk_am57xx_1_0_16/packages/ti/drv/i2c/lib/am572x/a15/release/ti.drv.i2c.aa15fg(I2C_v1.oa15fg)
 .text.I2C_open_v1
                0x000000008001108c      0x22c /home/dmitrii/ti/pdk_am57xx_1_0_16/packages/ti/drv/i2c/lib/am572x/a15/release/ti.drv.i2c.aa15fg(I2C_v1.oa15fg)
 .text.I2C_transfer_Callback_v1
                0x00000000800112b8       0x18 /home/dmitrii/ti/pdk_am57xx_1_0_16/packages/ti/drv/i2c/lib/am572x/a15/release/ti.drv.i2c.aa15fg(I2C_v1.oa15fg)
 .text.I2C_v1_waitForPin.isra.2
                0x00000000800112d0       0xcc /home/dmitrii/ti/pdk_am57xx_1_0_16/packages/ti/drv/i2c/lib/am572x/a15/release/ti.drv.i2c.aa15fg(I2C_v1.oa15fg)
 .text.I2C_primeTransfer_v1
                0x000000008001139c      0x53c /home/dmitrii/ti/pdk_am57xx_1_0_16/packages/ti/drv/i2c/lib/am572x/a15/release/ti.drv.i2c.aa15fg(I2C_v1.oa15fg)
 .text.I2C_v1_complete_curr_transfer
                0x00000000800118d8       0x90 /home/dmitrii/ti/pdk_am57xx_1_0_16/packages/ti/drv/i2c/lib/am572x/a15/release/ti.drv.i2c.aa15fg(I2C_v1.oa15fg)
 .text.I2C_v1_hwiFxn
                0x0000000080011968      0x534 /home/dmitrii/ti/pdk_am57xx_1_0_16/packages/ti/drv/i2c/lib/am572x/a15/release/ti.drv.i2c.aa15fg(I2C_v1.oa15fg)
 .text.I2C_v1_resetCtrl
                0x0000000080011e9c      0x160 /home/dmitrii/ti/pdk_am57xx_1_0_16/packages/ti/drv/i2c/lib/am572x/a15/release/ti.drv.i2c.aa15fg(I2C_v1.oa15fg)
 .text.I2C_v1_recoverBus
                0x0000000080011ffc      0x11c /home/dmitrii/ti/pdk_am57xx_1_0_16/packages/ti/drv/i2c/lib/am572x/a15/release/ti.drv.i2c.aa15fg(I2C_v1.oa15fg)
 .text.I2C_transfer_v1
                0x0000000080012118      0x190 /home/dmitrii/ti/pdk_am57xx_1_0_16/packages/ti/drv/i2c/lib/am572x/a15/release/ti.drv.i2c.aa15fg(I2C_v1.oa15fg)
 .text.I2C_v1_waitForBb.constprop.5
                0x00000000800122a8       0xbc /home/dmitrii/ti/pdk_am57xx_1_0_16/packages/ti/drv/i2c/lib/am572x/a15/release/ti.drv.i2c.aa15fg(I2C_v1.oa15fg)
 .text.I2C_v1_control
                0x0000000080012364      0x238 /home/dmitrii/ti/pdk_am57xx_1_0_16/packages/ti/drv/i2c/lib/am572x/a15/release/ti.drv.i2c.aa15fg(I2C_v1.oa15fg)
 .text.UART_stdioInit
                0x000000008001259c       0x94 /home/dmitrii/ti/pdk_am57xx_1_0_16/packages/ti/drv/uart/lib/a15/release/ti.drv.uart.aa15fg(UART_stdio.oa15fg)
                0x000000008001259c                UART_stdioInit
 .text.UART_init
                0x0000000080012630       0x80 /home/dmitrii/ti/pdk_am57xx_1_0_16/packages/ti/drv/uart/lib/a15/release/ti.drv.uart.aa15fg(UART_drv.oa15fg)
                0x0000000080012630                UART_init
 .text.UART_open
                0x00000000800126b0       0x20 /home/dmitrii/ti/pdk_am57xx_1_0_16/packages/ti/drv/uart/lib/a15/release/ti.drv.uart.aa15fg(UART_drv.oa15fg)
                0x00000000800126b0                UART_open
 .text.UART_Params_init
                0x00000000800126d0       0x48 /home/dmitrii/ti/pdk_am57xx_1_0_16/packages/ti/drv/uart/lib/a15/release/ti.drv.uart.aa15fg(UART_drv.oa15fg)
                0x00000000800126d0                UART_Params_init
 .text.SemaphoreP_create
                0x0000000080012718      0x1c8 /home/dmitrii/ti/pdk_am57xx_1_0_16/packages/ti/osal/lib/tirtos/a15/release/ti.osal.aa15fg(SemaphoreP_tirtos.oa15fg)
                0x0000000080012718                SemaphoreP_create
 .text.SemaphoreP_delete
                0x00000000800128e0       0x84 /home/dmitrii/ti/pdk_am57xx_1_0_16/packages/ti/osal/lib/tirtos/a15/release/ti.osal.aa15fg(SemaphoreP_tirtos.oa15fg)
                0x00000000800128e0                SemaphoreP_delete
 .text.SemaphoreP_Params_init
                0x0000000080012964       0x4c /home/dmitrii/ti/pdk_am57xx_1_0_16/packages/ti/osal/lib/tirtos/a15/release/ti.osal.aa15fg(SemaphoreP_tirtos.oa15fg)
                0x0000000080012964                SemaphoreP_Params_init
 .text.SemaphoreP_pend
                0x00000000800129b0       0x4c /home/dmitrii/ti/pdk_am57xx_1_0_16/packages/ti/osal/lib/tirtos/a15/release/ti.osal.aa15fg(SemaphoreP_tirtos.oa15fg)
                0x00000000800129b0                SemaphoreP_pend
 .text.SemaphoreP_post
                0x00000000800129fc       0x3c /home/dmitrii/ti/pdk_am57xx_1_0_16/packages/ti/osal/lib/tirtos/a15/release/ti.osal.aa15fg(SemaphoreP_tirtos.oa15fg)
                0x00000000800129fc                SemaphoreP_post
 .text.HwiP_create
                0x0000000080012a38      0x288 /home/dmitrii/ti/pdk_am57xx_1_0_16/packages/ti/osal/lib/tirtos/a15/release/ti.osal.aa15fg(HwiP_tirtos.oa15fg)
                0x0000000080012a38                HwiP_create
 .text.HwiP_delete
                0x0000000080012cc0       0x84 /home/dmitrii/ti/pdk_am57xx_1_0_16/packages/ti/osal/lib/tirtos/a15/release/ti.osal.aa15fg(HwiP_tirtos.oa15fg)
                0x0000000080012cc0                HwiP_delete
 .text.HwiP_disable
                0x0000000080012d44        0x4 /home/dmitrii/ti/pdk_am57xx_1_0_16/packages/ti/osal/lib/tirtos/a15/release/ti.osal.aa15fg(HwiP_tirtos.oa15fg)
                0x0000000080012d44                HwiP_disable
 .text.HwiP_disableInterrupt
                0x0000000080012d48        0x4 /home/dmitrii/ti/pdk_am57xx_1_0_16/packages/ti/osal/lib/tirtos/a15/release/ti.osal.aa15fg(HwiP_tirtos.oa15fg)
                0x0000000080012d48                HwiP_disableInterrupt
 .text.HwiP_enableInterrupt
                0x0000000080012d4c        0x4 /home/dmitrii/ti/pdk_am57xx_1_0_16/packages/ti/osal/lib/tirtos/a15/release/ti.osal.aa15fg(HwiP_tirtos.oa15fg)
                0x0000000080012d4c                HwiP_enableInterrupt
 .text.HwiP_Params_init
                0x0000000080012d50       0x28 /home/dmitrii/ti/pdk_am57xx_1_0_16/packages/ti/osal/lib/tirtos/a15/release/ti.osal.aa15fg(HwiP_tirtos.oa15fg)
                0x0000000080012d50                HwiP_Params_init
 .text.HwiP_restore
                0x0000000080012d78        0x4 /home/dmitrii/ti/pdk_am57xx_1_0_16/packages/ti/osal/lib/tirtos/a15/release/ti.osal.aa15fg(HwiP_tirtos.oa15fg)
                0x0000000080012d78                HwiP_restore
 .text.Osal_DebugP_assert
                0x0000000080012d7c       0x20 /home/dmitrii/ti/pdk_am57xx_1_0_16/packages/ti/osal/lib/tirtos/a15/release/ti.osal.aa15fg(Utils_tirtos.oa15fg)
                0x0000000080012d7c                Osal_DebugP_assert
 .text.Osal_delay
                0x0000000080012d9c       0x4c /home/dmitrii/ti/pdk_am57xx_1_0_16/packages/ti/osal/lib/tirtos/a15/release/ti.osal.aa15fg(Utils_tirtos.oa15fg)
                0x0000000080012d9c                Osal_delay
 .text.Osal_RegisterInterrupt_initParams
                0x0000000080012de8       0x40 /home/dmitrii/ti/pdk_am57xx_1_0_16/packages/ti/osal/lib/tirtos/a15/release/ti.osal.aa15fg(RegisterIntr_tirtos.oa15fg)
                0x0000000080012de8                Osal_RegisterInterrupt_initParams
 .text.Osal_RegisterInterrupt
                0x0000000080012e28       0x80 /home/dmitrii/ti/pdk_am57xx_1_0_16/packages/ti/osal/lib/tirtos/a15/release/ti.osal.aa15fg(RegisterIntr_tirtos.oa15fg)
                0x0000000080012e28                Osal_RegisterInterrupt
 .text.Osal_DeleteInterrupt
                0x0000000080012ea8       0x1c /home/dmitrii/ti/pdk_am57xx_1_0_16/packages/ti/osal/lib/tirtos/a15/release/ti.osal.aa15fg(RegisterIntr_tirtos.oa15fg)
                0x0000000080012ea8                Osal_DeleteInterrupt
 .text.Osal_EnableInterrupt
                0x0000000080012ec4        0x8 /home/dmitrii/ti/pdk_am57xx_1_0_16/packages/ti/osal/lib/tirtos/a15/release/ti.osal.aa15fg(RegisterIntr_tirtos.oa15fg)
                0x0000000080012ec4                Osal_EnableInterrupt
 .text.Osal_DisableInterrupt
                0x0000000080012ecc        0x8 /home/dmitrii/ti/pdk_am57xx_1_0_16/packages/ti/osal/lib/tirtos/a15/release/ti.osal.aa15fg(RegisterIntr_tirtos.oa15fg)
                0x0000000080012ecc                Osal_DisableInterrupt
 .text.Osal_getCoreId
                0x0000000080012ed4        0x4 /home/dmitrii/ti/pdk_am57xx_1_0_16/packages/ti/osal/lib/tirtos/a15/release/ti.osal.aa15fg(Core_utils.oa15fg)
                0x0000000080012ed4                Osal_getCoreId
 .text.ti_sysbios_family_arm_TaskSupport_buildTaskStack
                0x0000000080012ed8       0x7c /home/dmitrii/ti/ccs910/workspace_v9/TestGPIOIsr/src/sysbios/sysbios.aa15fg(arm_TaskSupport_asm_gnu.o)
                0x0000000080012ed8                ti_sysbios_family_arm_TaskSupport_buildTaskStack
 .text.ti_sysbios_family_arm_TaskSupport_swap__E
                0x0000000080012f54       0x1c /home/dmitrii/ti/ccs910/workspace_v9/TestGPIOIsr/src/sysbios/sysbios.aa15fg(arm_TaskSupport_asm_gnu.o)
                0x0000000080012f54                ti_sysbios_family_arm_TaskSupport_swap__E
 .text.ti_sysbios_family_arm_TaskSupport_glue
                0x0000000080012f70       0x1c /home/dmitrii/ti/ccs910/workspace_v9/TestGPIOIsr/src/sysbios/sysbios.aa15fg(arm_TaskSupport_asm_gnu.o)
                0x0000000080012f70                ti_sysbios_family_arm_TaskSupport_glue
 .text.ti_sysbios_family_arm_gic_Hwi_dispatchIRQ__I
                0x0000000080012f8c       0x98 /home/dmitrii/ti/ccs910/workspace_v9/TestGPIOIsr/src/sysbios/sysbios.aa15fg(gic_Hwi_asm_gnu.o)
                0x0000000080012f8c                ti_sysbios_family_arm_gic_Hwi_dispatchIRQ(int0_t)
 .text.ti_sysbios_family_arm_gic_Hwi_init__E
                0x0000000080013024       0x10 /home/dmitrii/ti/ccs910/workspace_v9/TestGPIOIsr/src/sysbios/sysbios.aa15fg(gic_Hwi_asm_gnu.o)
                0x0000000080013024                ti_sysbios_family_arm_gic_Hwi_init__E
 .text.ti_sysbios_family_arm_exc_Exception_excHandlerAsm__I
                0x0000000080013034       0x68 /home/dmitrii/ti/ccs910/workspace_v9/TestGPIOIsr/src/sysbios/sysbios.aa15fg(exc_Exception_asm_gnu.o)
                0x0000000080013034                ti_sysbios_family_arm_exc_Exception_excHandlerAsm(int0_t)
 .text.ti_sysbios_family_arm_exc_Exception_excHandlerDataAsm__I
                0x000000008001309c       0x6c /home/dmitrii/ti/ccs910/workspace_v9/TestGPIOIsr/src/sysbios/sysbios.aa15fg(exc_Exception_asm_gnu.o)
                0x000000008001309c                ti_sysbios_family_arm_exc_Exception_excHandlerDataAsm(int0_t)
 .text.ti_sysbios_family_arm_exc_Exception_initCore0__I
                0x0000000080013108       0x64 /home/dmitrii/ti/ccs910/workspace_v9/TestGPIOIsr/src/sysbios/sysbios.aa15fg(exc_Exception_asm_gnu.o)
                0x0000000080013108                ti_sysbios_family_arm_exc_Exception_initCore0(int0_t)
 .text.ti_sysbios_family_arm_a15_Cache_disableL1D__I
                0x000000008001316c       0x24 /home/dmitrii/ti/ccs910/workspace_v9/TestGPIOIsr/src/sysbios/sysbios.aa15fg(a15_Cache_asm_gnu.o)
                0x000000008001316c                ti_sysbios_family_arm_a15_Cache_disableL1D(int0_t)
 .text.ti_sysbios_family_arm_a15_Cache_disableL1P__I
                0x0000000080013190       0x18 /home/dmitrii/ti/ccs910/workspace_v9/TestGPIOIsr/src/sysbios/sysbios.aa15fg(a15_Cache_asm_gnu.o)
                0x0000000080013190                ti_sysbios_family_arm_a15_Cache_disableL1P(int0_t)
 .text.ti_sysbios_family_arm_a15_Cache_enableL1D__I
                0x00000000800131a8       0x14 /home/dmitrii/ti/ccs910/workspace_v9/TestGPIOIsr/src/sysbios/sysbios.aa15fg(a15_Cache_asm_gnu.o)
                0x00000000800131a8                ti_sysbios_family_arm_a15_Cache_enableL1D(int0_t)
 .text.ti_sysbios_family_arm_a15_Cache_enableL1P__I
                0x00000000800131bc       0x18 /home/dmitrii/ti/ccs910/workspace_v9/TestGPIOIsr/src/sysbios/sysbios.aa15fg(a15_Cache_asm_gnu.o)
                0x00000000800131bc                ti_sysbios_family_arm_a15_Cache_enableL1P(int0_t)
 .text.ti_sysbios_family_arm_a15_Cache_invL1dAll__E
                0x00000000800131d4       0x94 /home/dmitrii/ti/ccs910/workspace_v9/TestGPIOIsr/src/sysbios/sysbios.aa15fg(a15_Cache_asm_gnu.o)
                0x00000000800131d4                ti_sysbios_family_arm_a15_Cache_invL1dAll__E
 .text.ti_sysbios_family_arm_a15_Cache_invL1pAll__E
                0x0000000080013268        0xc /home/dmitrii/ti/ccs910/workspace_v9/TestGPIOIsr/src/sysbios/sysbios.aa15fg(a15_Cache_asm_gnu.o)
                0x0000000080013268                ti_sysbios_family_arm_a15_Cache_invL1pAll__E
 .text.ti_sysbios_family_arm_a15_Cache_wbInvAll__E
                0x0000000080013274       0x94 /home/dmitrii/ti/ccs910/workspace_v9/TestGPIOIsr/src/sysbios/sysbios.aa15fg(a15_Cache_asm_gnu.o)
                0x0000000080013274                ti_sysbios_family_arm_a15_Cache_wbInvAll__E
 .text.ti_sysbios_family_arm_a15_Cache_getEnabled__E
                0x0000000080013308       0x24 /home/dmitrii/ti/ccs910/workspace_v9/TestGPIOIsr/src/sysbios/sysbios.aa15fg(a15_Cache_asm_gnu.o)
                0x0000000080013308                ti_sysbios_family_arm_a15_Cache_getEnabled__E
 .text.ti_sysbios_family_arm_a15_Cache_getCacheLevelInfo__I
                0x000000008001332c        0xc /home/dmitrii/ti/ccs910/workspace_v9/TestGPIOIsr/src/sysbios/sysbios.aa15fg(a15_Cache_asm_gnu.o)
                0x000000008001332c                ti_sysbios_family_arm_a15_Cache_getCacheLevelInfo(int0_t)
 .text.ti_sysbios_family_arm_a15_Cache_disableBP__E
                0x0000000080013338       0x14 /home/dmitrii/ti/ccs910/workspace_v9/TestGPIOIsr/src/sysbios/sysbios.aa15fg(a15_Cache_asm_gnu.o)
                0x0000000080013338                ti_sysbios_family_arm_a15_Cache_disableBP__E
 .text.ti_sysbios_family_arm_a15_Cache_enableBP__E
                0x000000008001334c       0x10 /home/dmitrii/ti/ccs910/workspace_v9/TestGPIOIsr/src/sysbios/sysbios.aa15fg(a15_Cache_asm_gnu.o)
                0x000000008001334c                ti_sysbios_family_arm_a15_Cache_enableBP__E
 .text.ti_sysbios_family_arm_a15_Cache_getL2AuxControlReg__I
                0x000000008001335c        0x8 /home/dmitrii/ti/ccs910/workspace_v9/TestGPIOIsr/src/sysbios/sysbios.aa15fg(a15_Cache_asm_gnu.o)
                0x000000008001335c                ti_sysbios_family_arm_a15_Cache_getL2AuxControlReg(int0_t)
 .text.ti_sysbios_family_arm_a15_Cache_setL2AuxControlReg__I
                0x0000000080013364       0x18 /home/dmitrii/ti/ccs910/workspace_v9/TestGPIOIsr/src/sysbios/sysbios.aa15fg(a15_Cache_asm_gnu.o)
                0x0000000080013364                ti_sysbios_family_arm_a15_Cache_setL2AuxControlReg(int0_t)
 .text.ti_sysbios_family_arm_a15_TimestampProvider_get32__E
                0x000000008001337c        0x8 /home/dmitrii/ti/ccs910/workspace_v9/TestGPIOIsr/src/sysbios/sysbios.aa15fg(a15_TimestampProvider_asm_gnu.o)
                0x000000008001337c                ti_sysbios_family_arm_a15_TimestampProvider_get32__E
 .text.ti_sysbios_family_arm_a15_TimestampProvider_getOverflowCCNT__I
                0x0000000080013384       0x10 /home/dmitrii/ti/ccs910/workspace_v9/TestGPIOIsr/src/sysbios/sysbios.aa15fg(a15_TimestampProvider_asm_gnu.o)
                0x0000000080013384                ti_sysbios_family_arm_a15_TimestampProvider_getOverflowCCNT(int0_t)
 .text.ti_sysbios_family_arm_a15_TimestampProvider_initCCNT__I
                0x0000000080013394       0x1c /home/dmitrii/ti/ccs910/workspace_v9/TestGPIOIsr/src/sysbios/sysbios.aa15fg(a15_TimestampProvider_asm_gnu.o)
                0x0000000080013394                ti_sysbios_family_arm_a15_TimestampProvider_initCCNT(int0_t)
 .text.ti_sysbios_BIOS_linkedWithIncorrectBootLibrary__E
                0x00000000800133b0        0x4 /home/dmitrii/ti/ccs910/workspace_v9/TestGPIOIsr/src/sysbios/sysbios.aa15fg(_BIOS.o)
                0x00000000800133b0                ti_sysbios_BIOS_linkedWithIncorrectBootLibrary__E
 .text.ti_sysbios_BIOS_getThreadType__E
                0x00000000800133b4       0x10 /home/dmitrii/ti/ccs910/workspace_v9/TestGPIOIsr/src/sysbios/sysbios.aa15fg(_BIOS.o)
                0x00000000800133b4                ti_sysbios_BIOS_getThreadType__E
 .text.ti_sysbios_BIOS_setThreadType__E
                0x00000000800133c4       0x18 /home/dmitrii/ti/ccs910/workspace_v9/TestGPIOIsr/src/sysbios/sysbios.aa15fg(_BIOS.o)
                0x00000000800133c4                ti_sysbios_BIOS_setThreadType__E
 .text.ti_sysbios_BIOS_start__E
                0x00000000800133dc       0x10 /home/dmitrii/ti/ccs910/workspace_v9/TestGPIOIsr/src/sysbios/sysbios.aa15fg(_BIOS.o)
                0x00000000800133dc                ti_sysbios_BIOS_start__E
 .text.ti_sysbios_BIOS_exit__E
                0x00000000800133ec       0x10 /home/dmitrii/ti/ccs910/workspace_v9/TestGPIOIsr/src/sysbios/sysbios.aa15fg(_BIOS.o)
                0x00000000800133ec                ti_sysbios_BIOS_exit__E
 .text.ti_sysbios_family_arm_TaskSupport_start__E
                0x00000000800133fc       0x7c /home/dmitrii/ti/ccs910/workspace_v9/TestGPIOIsr/src/sysbios/sysbios.aa15fg(arm_TaskSupport.o)
                0x00000000800133fc                ti_sysbios_family_arm_TaskSupport_start__E
 .text.ti_sysbios_family_arm_TaskSupport_checkStack__E
                0x0000000080013478       0x14 /home/dmitrii/ti/ccs910/workspace_v9/TestGPIOIsr/src/sysbios/sysbios.aa15fg(arm_TaskSupport.o)
                0x0000000080013478                ti_sysbios_family_arm_TaskSupport_checkStack__E
 .text.ti_sysbios_knl_Clock_Module_startup__E
                0x000000008001348c       0x3c /home/dmitrii/ti/ccs910/workspace_v9/TestGPIOIsr/src/sysbios/sysbios.aa15fg(knl_Clock.o)
                0x000000008001348c                ti_sysbios_knl_Clock_Module_startup__E
 .text.ti_sysbios_knl_Clock_workFunc__E
                0x00000000800134c8      0x26c /home/dmitrii/ti/ccs910/workspace_v9/TestGPIOIsr/src/sysbios/sysbios.aa15fg(knl_Clock.o)
                0x00000000800134c8                ti_sysbios_knl_Clock_workFunc__E
 .text.ti_sysbios_knl_Clock_initI__E
                0x0000000080013734       0x1c /home/dmitrii/ti/ccs910/workspace_v9/TestGPIOIsr/src/sysbios/sysbios.aa15fg(knl_Clock.o)
                0x0000000080013734                ti_sysbios_knl_Clock_initI__E
 .text.ti_sysbios_knl_Clock_enqueueI__E
                0x0000000080013750       0x20 /home/dmitrii/ti/ccs910/workspace_v9/TestGPIOIsr/src/sysbios/sysbios.aa15fg(knl_Clock.o)
                0x0000000080013750                ti_sysbios_knl_Clock_enqueueI__E
 .text.ti_sysbios_knl_Clock_removeI__E
                0x0000000080013770        0x4 /home/dmitrii/ti/ccs910/workspace_v9/TestGPIOIsr/src/sysbios/sysbios.aa15fg(knl_Clock.o)
                0x0000000080013770                ti_sysbios_knl_Clock_removeI__E
 .text.ti_sysbios_knl_Clock_startI__E
                0x0000000080013774       0x24 /home/dmitrii/ti/ccs910/workspace_v9/TestGPIOIsr/src/sysbios/sysbios.aa15fg(knl_Clock.o)
                0x0000000080013774                ti_sysbios_knl_Clock_startI__E
 .text.ti_sysbios_knl_Clock_stop__E
                0x0000000080013798        0xc /home/dmitrii/ti/ccs910/workspace_v9/TestGPIOIsr/src/sysbios/sysbios.aa15fg(knl_Clock.o)
                0x0000000080013798                ti_sysbios_knl_Clock_stop__E
 .text.ti_sysbios_knl_Clock_logTick__E
                0x00000000800137a4       0x9c /home/dmitrii/ti/ccs910/workspace_v9/TestGPIOIsr/src/sysbios/sysbios.aa15fg(knl_Clock.o)
                0x00000000800137a4                ti_sysbios_knl_Clock_logTick__E
 .text.ti_sysbios_knl_Idle_loop__E
                0x0000000080013840       0x3c /home/dmitrii/ti/ccs910/workspace_v9/TestGPIOIsr/src/sysbios/sysbios.aa15fg(knl_Idle.o)
                0x0000000080013840                ti_sysbios_knl_Idle_loop__E
 .text.ti_sysbios_knl_Idle_run__E
                0x000000008001387c       0x48 /home/dmitrii/ti/ccs910/workspace_v9/TestGPIOIsr/src/sysbios/sysbios.aa15fg(knl_Idle.o)
                0x000000008001387c                ti_sysbios_knl_Idle_run__E
 .text.ti_sysbios_knl_Queue_Instance_init__E
                0x00000000800138c4        0xc /home/dmitrii/ti/ccs910/workspace_v9/TestGPIOIsr/src/sysbios/sysbios.aa15fg(knl_Queue.o)
                0x00000000800138c4                ti_sysbios_knl_Queue_Instance_init__E
 .text.ti_sysbios_knl_Queue_dequeue__E
                0x00000000800138d0       0x18 /home/dmitrii/ti/ccs910/workspace_v9/TestGPIOIsr/src/sysbios/sysbios.aa15fg(knl_Queue.o)
                0x00000000800138d0                ti_sysbios_knl_Queue_dequeue__E
 .text.ti_sysbios_knl_Queue_empty__E
                0x00000000800138e8       0x14 /home/dmitrii/ti/ccs910/workspace_v9/TestGPIOIsr/src/sysbios/sysbios.aa15fg(knl_Queue.o)
                0x00000000800138e8                ti_sysbios_knl_Queue_empty__E
 .text.ti_sysbios_knl_Queue_enqueue__E
                0x00000000800138fc       0x18 /home/dmitrii/ti/ccs910/workspace_v9/TestGPIOIsr/src/sysbios/sysbios.aa15fg(knl_Queue.o)
                0x00000000800138fc                ti_sysbios_knl_Queue_enqueue__E
 .text.ti_sysbios_knl_Queue_head__E
                0x0000000080013914        0x8 /home/dmitrii/ti/ccs910/workspace_v9/TestGPIOIsr/src/sysbios/sysbios.aa15fg(knl_Queue.o)
                0x0000000080013914                ti_sysbios_knl_Queue_head__E
 .text.ti_sysbios_knl_Queue_elemClear__E
                0x000000008001391c        0xc /home/dmitrii/ti/ccs910/workspace_v9/TestGPIOIsr/src/sysbios/sysbios.aa15fg(knl_Queue.o)
                0x000000008001391c                ti_sysbios_knl_Queue_elemClear__E
 .text.ti_sysbios_knl_Queue_insert__E
                0x0000000080013928       0x18 /home/dmitrii/ti/ccs910/workspace_v9/TestGPIOIsr/src/sysbios/sysbios.aa15fg(knl_Queue.o)
                0x0000000080013928                ti_sysbios_knl_Queue_insert__E
 .text.ti_sysbios_knl_Queue_next__E
                0x0000000080013940        0x8 /home/dmitrii/ti/ccs910/workspace_v9/TestGPIOIsr/src/sysbios/sysbios.aa15fg(knl_Queue.o)
                0x0000000080013940                ti_sysbios_knl_Queue_next__E
 .text.ti_sysbios_knl_Queue_prev__E
                0x0000000080013948        0x8 /home/dmitrii/ti/ccs910/workspace_v9/TestGPIOIsr/src/sysbios/sysbios.aa15fg(knl_Queue.o)
                0x0000000080013948                ti_sysbios_knl_Queue_prev__E
 .text.ti_sysbios_knl_Queue_put__E
                0x0000000080013950       0x38 /home/dmitrii/ti/ccs910/workspace_v9/TestGPIOIsr/src/sysbios/sysbios.aa15fg(knl_Queue.o)
                0x0000000080013950                ti_sysbios_knl_Queue_put__E
 .text.ti_sysbios_knl_Queue_remove__E
                0x0000000080013988       0x1c /home/dmitrii/ti/ccs910/workspace_v9/TestGPIOIsr/src/sysbios/sysbios.aa15fg(knl_Queue.o)
                0x0000000080013988                ti_sysbios_knl_Queue_remove__E
 .text.ti_sysbios_knl_Semaphore_pendTimeout__I
                0x00000000800139a4       0x64 /home/dmitrii/ti/ccs910/workspace_v9/TestGPIOIsr/src/sysbios/sysbios.aa15fg(knl_Semaphore.o)
                0x00000000800139a4                ti_sysbios_knl_Semaphore_pendTimeout(int0_t)
 .text.ti_sysbios_knl_Semaphore_Instance_init__E
                0x0000000080013a08      0x110 /home/dmitrii/ti/ccs910/workspace_v9/TestGPIOIsr/src/sysbios/sysbios.aa15fg(knl_Semaphore.o)
                0x0000000080013a08                ti_sysbios_knl_Semaphore_Instance_init__E
 .text.ti_sysbios_knl_Semaphore_Instance_finalize__E
                0x0000000080013b18       0x14 /home/dmitrii/ti/ccs910/workspace_v9/TestGPIOIsr/src/sysbios/sysbios.aa15fg(knl_Semaphore.o)
                0x0000000080013b18                ti_sysbios_knl_Semaphore_Instance_finalize__E
 .text.ti_sysbios_knl_Semaphore_pend__E
                0x0000000080013b2c      0x4e8 /home/dmitrii/ti/ccs910/workspace_v9/TestGPIOIsr/src/sysbios/sysbios.aa15fg(knl_Semaphore.o)
                0x0000000080013b2c                ti_sysbios_knl_Semaphore_pend__E
 .text.ti_sysbios_knl_Semaphore_post__E
                0x0000000080014014      0x224 /home/dmitrii/ti/ccs910/workspace_v9/TestGPIOIsr/src/sysbios/sysbios.aa15fg(knl_Semaphore.o)
                0x0000000080014014                ti_sysbios_knl_Semaphore_post__E
 .text.ti_sysbios_knl_Swi_runLoop__I
                0x0000000080014238      0x26c /home/dmitrii/ti/ccs910/workspace_v9/TestGPIOIsr/src/sysbios/sysbios.aa15fg(knl_Swi.o)
                0x0000000080014238                ti_sysbios_knl_Swi_runLoop(int0_t)
 .text.ti_sysbios_knl_Swi_Module_startup__E
                0x00000000800144a4       0x50 /home/dmitrii/ti/ccs910/workspace_v9/TestGPIOIsr/src/sysbios/sysbios.aa15fg(knl_Swi.o)
                0x00000000800144a4                ti_sysbios_knl_Swi_Module_startup__E
 .text.ti_sysbios_knl_Swi_startup__E
                0x00000000800144f4      0x114 /home/dmitrii/ti/ccs910/workspace_v9/TestGPIOIsr/src/sysbios/sysbios.aa15fg(knl_Swi.o)
                0x00000000800144f4                ti_sysbios_knl_Swi_startup__E
 .text.ti_sysbios_knl_Swi_enabled__E
                0x0000000080014608       0x18 /home/dmitrii/ti/ccs910/workspace_v9/TestGPIOIsr/src/sysbios/sysbios.aa15fg(knl_Swi.o)
                0x0000000080014608                ti_sysbios_knl_Swi_enabled__E
 .text.ti_sysbios_knl_Swi_disable__E
                0x0000000080014620       0x28 /home/dmitrii/ti/ccs910/workspace_v9/TestGPIOIsr/src/sysbios/sysbios.aa15fg(knl_Swi.o)
                0x0000000080014620                ti_sysbios_knl_Swi_disable__E
 .text.ti_sysbios_knl_Swi_restoreHwi__E
                0x0000000080014648      0x2ac /home/dmitrii/ti/ccs910/workspace_v9/TestGPIOIsr/src/sysbios/sysbios.aa15fg(knl_Swi.o)
                0x0000000080014648                ti_sysbios_knl_Swi_restoreHwi__E
 .text.ti_sysbios_knl_Swi_self__E
                0x00000000800148f4       0x10 /home/dmitrii/ti/ccs910/workspace_v9/TestGPIOIsr/src/sysbios/sysbios.aa15fg(knl_Swi.o)
                0x00000000800148f4                ti_sysbios_knl_Swi_self__E
 .text.ti_sysbios_knl_Swi_post__E
                0x0000000080014904      0x1f8 /home/dmitrii/ti/ccs910/workspace_v9/TestGPIOIsr/src/sysbios/sysbios.aa15fg(knl_Swi.o)
                0x0000000080014904                ti_sysbios_knl_Swi_post__E
 .text.ti_sysbios_knl_Task_sleepTimeout__I
                0x0000000080014afc      0x154 /home/dmitrii/ti/ccs910/workspace_v9/TestGPIOIsr/src/sysbios/sysbios.aa15fg(knl_Task.o)
                0x0000000080014afc                ti_sysbios_knl_Task_sleepTimeout(int0_t)
 .text.ti_sysbios_knl_Task_schedule__I
                0x0000000080014c50      0x320 /home/dmitrii/ti/ccs910/workspace_v9/TestGPIOIsr/src/sysbios/sysbios.aa15fg(knl_Task.o)
                0x0000000080014c50                ti_sysbios_knl_Task_schedule(int0_t)
 .text.ti_sysbios_knl_Task_enter__I
                0x0000000080014f70       0x48 /home/dmitrii/ti/ccs910/workspace_v9/TestGPIOIsr/src/sysbios/sysbios.aa15fg(knl_Task.o)
                0x0000000080014f70                ti_sysbios_knl_Task_enter(int0_t)
 .text.ti_sysbios_knl_Task_startCore__E
                0x0000000080014fb8      0x1d4 /home/dmitrii/ti/ccs910/workspace_v9/TestGPIOIsr/src/sysbios/sysbios.aa15fg(knl_Task.o)
                0x0000000080014fb8                ti_sysbios_knl_Task_startCore__E
 .text.ti_sysbios_knl_Task_startup__E
                0x000000008001518c        0x8 /home/dmitrii/ti/ccs910/workspace_v9/TestGPIOIsr/src/sysbios/sysbios.aa15fg(knl_Task.o)
                0x000000008001518c                ti_sysbios_knl_Task_startup__E
 .text.ti_sysbios_knl_Task_enabled__E
                0x0000000080015194       0x40 /home/dmitrii/ti/ccs910/workspace_v9/TestGPIOIsr/src/sysbios/sysbios.aa15fg(knl_Task.o)
                0x0000000080015194                ti_sysbios_knl_Task_enabled__E
 .text.ti_sysbios_knl_Task_disable__E
                0x00000000800151d4       0x28 /home/dmitrii/ti/ccs910/workspace_v9/TestGPIOIsr/src/sysbios/sysbios.aa15fg(knl_Task.o)
                0x00000000800151d4                ti_sysbios_knl_Task_disable__E
 .text.ti_sysbios_knl_Task_restore__E
                0x00000000800151fc       0x68 /home/dmitrii/ti/ccs910/workspace_v9/TestGPIOIsr/src/sysbios/sysbios.aa15fg(knl_Task.o)
                0x00000000800151fc                ti_sysbios_knl_Task_restore__E
 .text.ti_sysbios_knl_Task_restoreHwi__E
                0x0000000080015264       0x58 /home/dmitrii/ti/ccs910/workspace_v9/TestGPIOIsr/src/sysbios/sysbios.aa15fg(knl_Task.o)
                0x0000000080015264                ti_sysbios_knl_Task_restoreHwi__E
 .text.ti_sysbios_knl_Task_self__E
                0x00000000800152bc       0x10 /home/dmitrii/ti/ccs910/workspace_v9/TestGPIOIsr/src/sysbios/sysbios.aa15fg(knl_Task.o)
                0x00000000800152bc                ti_sysbios_knl_Task_self__E
 .text.ti_sysbios_knl_Task_getHookContext__E
                0x00000000800152cc        0xc /home/dmitrii/ti/ccs910/workspace_v9/TestGPIOIsr/src/sysbios/sysbios.aa15fg(knl_Task.o)
                0x00000000800152cc                ti_sysbios_knl_Task_getHookContext__E
 .text.ti_sysbios_knl_Task_setHookContext__E
                0x00000000800152d8        0xc /home/dmitrii/ti/ccs910/workspace_v9/TestGPIOIsr/src/sysbios/sysbios.aa15fg(knl_Task.o)
                0x00000000800152d8                ti_sysbios_knl_Task_setHookContext__E
 .text.ti_sysbios_knl_Task_getPri__E
                0x00000000800152e4        0x8 /home/dmitrii/ti/ccs910/workspace_v9/TestGPIOIsr/src/sysbios/sysbios.aa15fg(knl_Task.o)
                0x00000000800152e4                ti_sysbios_knl_Task_getPri__E
 .text.ti_sysbios_knl_Task_blockI__E
                0x00000000800152ec      0x13c /home/dmitrii/ti/ccs910/workspace_v9/TestGPIOIsr/src/sysbios/sysbios.aa15fg(knl_Task.o)
                0x00000000800152ec                ti_sysbios_knl_Task_blockI__E
 .text.ti_sysbios_knl_Task_exit__E
                0x0000000080015428      0x214 /home/dmitrii/ti/ccs910/workspace_v9/TestGPIOIsr/src/sysbios/sysbios.aa15fg(knl_Task.o)
                0x0000000080015428                ti_sysbios_knl_Task_exit__E
 .text.ti_sysbios_knl_Task_sleep__E
                0x000000008001563c      0x374 /home/dmitrii/ti/ccs910/workspace_v9/TestGPIOIsr/src/sysbios/sysbios.aa15fg(knl_Task.o)
                0x000000008001563c                ti_sysbios_knl_Task_sleep__E
 .text.ti_sysbios_knl_Task_unblockI__E
                0x00000000800159b0      0x138 /home/dmitrii/ti/ccs910/workspace_v9/TestGPIOIsr/src/sysbios/sysbios.aa15fg(knl_Task.o)
                0x00000000800159b0                ti_sysbios_knl_Task_unblockI__E
 .text.ti_sysbios_knl_Task_postInit__I
                0x0000000080015ae8      0x210 /home/dmitrii/ti/ccs910/workspace_v9/TestGPIOIsr/src/sysbios/sysbios.aa15fg(knl_Task.o)
                0x0000000080015ae8                ti_sysbios_knl_Task_postInit(int0_t)
 .text.ti_sysbios_knl_Task_Module_startup__E
                0x0000000080015cf8       0xe0 /home/dmitrii/ti/ccs910/workspace_v9/TestGPIOIsr/src/sysbios/sysbios.aa15fg(knl_Task.o)
                0x0000000080015cf8                ti_sysbios_knl_Task_Module_startup__E
 .text.ti_sysbios_hal_Hwi_Module_startup__E
                0x0000000080015dd8       0x24 /home/dmitrii/ti/ccs910/workspace_v9/TestGPIOIsr/src/sysbios/sysbios.aa15fg(hal_Hwi.o)
                0x0000000080015dd8                ti_sysbios_hal_Hwi_Module_startup__E
 .text.ti_sysbios_hal_Hwi_enableInterrupt__E
                0x0000000080015dfc        0x4 /home/dmitrii/ti/ccs910/workspace_v9/TestGPIOIsr/src/sysbios/sysbios.aa15fg(hal_Hwi.o)
                0x0000000080015dfc                ti_sysbios_hal_Hwi_enableInterrupt__E
 .text.ti_sysbios_hal_Hwi_getStackInfo__E
                0x0000000080015e00        0x4 /home/dmitrii/ti/ccs910/workspace_v9/TestGPIOIsr/src/sysbios/sysbios.aa15fg(hal_Hwi.o)
                0x0000000080015e00                ti_sysbios_hal_Hwi_getStackInfo__E
 .text.ti_sysbios_hal_Hwi_switchFromBootStack__E
                0x0000000080015e04        0x4 /home/dmitrii/ti/ccs910/workspace_v9/TestGPIOIsr/src/sysbios/sysbios.aa15fg(hal_Hwi.o)
                0x0000000080015e04                ti_sysbios_hal_Hwi_switchFromBootStack__E
 .text.ti_sysbios_hal_Hwi_Instance_init__E
                0x0000000080015e08       0x40 /home/dmitrii/ti/ccs910/workspace_v9/TestGPIOIsr/src/sysbios/sysbios.aa15fg(hal_Hwi.o)
                0x0000000080015e08                ti_sysbios_hal_Hwi_Instance_init__E
 .text.ti_sysbios_hal_Hwi_Instance_finalize__E
                0x0000000080015e48       0x14 /home/dmitrii/ti/ccs910/workspace_v9/TestGPIOIsr/src/sysbios/sysbios.aa15fg(hal_Hwi.o)
                0x0000000080015e48                ti_sysbios_hal_Hwi_Instance_finalize__E
 .text.ti_sysbios_hal_Hwi_initStack
                0x0000000080015e5c       0x3c /home/dmitrii/ti/ccs910/workspace_v9/TestGPIOIsr/src/sysbios/sysbios.aa15fg(hal_Hwi_stack.o)
                0x0000000080015e5c                ti_sysbios_hal_Hwi_initStack
 .text.ti_sysbios_hal_Hwi_checkStack
                0x0000000080015e98       0x5c /home/dmitrii/ti/ccs910/workspace_v9/TestGPIOIsr/src/sysbios/sysbios.aa15fg(hal_Hwi_stack.o)
                0x0000000080015e98                ti_sysbios_hal_Hwi_checkStack
 .text.ti_sysbios_hal_Hwi_startup__E
                0x0000000080015ef4        0x4 /home/dmitrii/ti/ccs910/workspace_v9/TestGPIOIsr/src/sysbios/sysbios.aa15fg(hal_Hwi_startup.o)
                0x0000000080015ef4                ti_sysbios_hal_Hwi_startup__E
 .text.ti_sysbios_family_arm_gic_Hwi_Instance_init__E
                0x0000000080015ef8      0x324 /home/dmitrii/ti/ccs910/workspace_v9/TestGPIOIsr/src/sysbios/sysbios.aa15fg(gic_Hwi.o)
                0x0000000080015ef8                ti_sysbios_family_arm_gic_Hwi_Instance_init__E
 .text.ti_sysbios_family_arm_gic_Hwi_Instance_finalize__E
                0x000000008001621c      0x118 /home/dmitrii/ti/ccs910/workspace_v9/TestGPIOIsr/src/sysbios/sysbios.aa15fg(gic_Hwi.o)
                0x000000008001621c                ti_sysbios_family_arm_gic_Hwi_Instance_finalize__E
 .text.ti_sysbios_family_arm_gic_Hwi_initIntControllerCore0__I
                0x0000000080016334      0x264 /home/dmitrii/ti/ccs910/workspace_v9/TestGPIOIsr/src/sysbios/sysbios.aa15fg(gic_Hwi.o)
                0x0000000080016334                ti_sysbios_family_arm_gic_Hwi_initIntControllerCore0(int0_t)
 .text.ti_sysbios_family_arm_gic_Hwi_Module_startup__E
                0x0000000080016598       0x58 /home/dmitrii/ti/ccs910/workspace_v9/TestGPIOIsr/src/sysbios/sysbios.aa15fg(gic_Hwi.o)
                0x0000000080016598                ti_sysbios_family_arm_gic_Hwi_Module_startup__E
 .text.ti_sysbios_family_arm_gic_Hwi_startup__E
                0x00000000800165f0        0xc /home/dmitrii/ti/ccs910/workspace_v9/TestGPIOIsr/src/sysbios/sysbios.aa15fg(gic_Hwi.o)
                0x00000000800165f0                ti_sysbios_family_arm_gic_Hwi_startup__E
 .text.ti_sysbios_family_xxx_Hwi_switchAndRunDispatchC
                0x00000000800165fc       0x44 /home/dmitrii/ti/ccs910/workspace_v9/TestGPIOIsr/src/sysbios/sysbios.aa15fg(gic_Hwi.o)
                0x00000000800165fc                ti_sysbios_family_xxx_Hwi_switchAndRunDispatchC
 .text.ti_sysbios_family_xxx_Hwi_switchAndRunFunc
                0x0000000080016640       0x44 /home/dmitrii/ti/ccs910/workspace_v9/TestGPIOIsr/src/sysbios/sysbios.aa15fg(gic_Hwi.o)